Component: ARM Compiler 5.06 update 7 (build 960) Tool: armlink [4d3601]

==============================================================================

Section Cross References

    startup_stm32f10x_hd.o(RESET) refers to startup_stm32f10x_hd.o(STACK) for __initial_sp
    startup_stm32f10x_hd.o(RESET) refers to startup_stm32f10x_hd.o(.text) for Reset_Handler
    startup_stm32f10x_hd.o(RESET) refers to stm32f10x_it.o(i.NMI_Handler) for NMI_Handler
    startup_stm32f10x_hd.o(RESET) refers to stm32f10x_it.o(i.HardFault_Handler) for HardFault_Handler
    startup_stm32f10x_hd.o(RESET) refers to stm32f10x_it.o(i.MemManage_Handler) for MemManage_Handler
    startup_stm32f10x_hd.o(RESET) refers to stm32f10x_it.o(i.BusFault_Handler) for BusFault_Handler
    startup_stm32f10x_hd.o(RESET) refers to stm32f10x_it.o(i.UsageFault_Handler) for UsageFault_Handler
    startup_stm32f10x_hd.o(RESET) refers to stm32f10x_it.o(i.DebugMon_Handler) for DebugMon_Handler
    startup_stm32f10x_hd.o(RESET) refers to akm_uart_pi.o(i.USART2_IRQHandler) for USART2_IRQHandler
    startup_stm32f10x_hd.o(RESET) refers to akm_tim.o(i.TIM6_IRQHandler) for TIM6_IRQHandler
    startup_stm32f10x_hd.o(.text) refers to system_stm32f10x.o(i.SystemInit) for SystemInit
    startup_stm32f10x_hd.o(.text) refers to entry.o(.ARM.Collect$$$$00000000) for __main
    system_stm32f10x.o(i.SystemCoreClockUpdate) refers to system_stm32f10x.o(.data) for .data
    system_stm32f10x.o(i.SystemInit) refers to system_stm32f10x.o(i.SetSysClockTo72) for SetSysClockTo72
    stm32f10x_adc.o(i.ADC_DeInit) refers to stm32f10x_rcc.o(i.RCC_APB2PeriphResetCmd) for RCC_APB2PeriphResetCmd
    stm32f10x_bkp.o(i.BKP_DeInit) refers to stm32f10x_rcc.o(i.RCC_BackupResetCmd) for RCC_BackupResetCmd
    stm32f10x_can.o(i.CAN_DeInit) refers to stm32f10x_rcc.o(i.RCC_APB1PeriphResetCmd) for RCC_APB1PeriphResetCmd
    stm32f10x_can.o(i.CAN_GetITStatus) refers to stm32f10x_can.o(i.CheckITStatus) for CheckITStatus
    stm32f10x_cec.o(i.CEC_DeInit) refers to stm32f10x_rcc.o(i.RCC_APB1PeriphResetCmd) for RCC_APB1PeriphResetCmd
    stm32f10x_dac.o(i.DAC_DeInit) refers to stm32f10x_rcc.o(i.RCC_APB1PeriphResetCmd) for RCC_APB1PeriphResetCmd
    stm32f10x_flash.o(i.FLASH_EnableWriteProtection) refers to stm32f10x_flash.o(i.FLASH_WaitForLastOperation) for FLASH_WaitForLastOperation
    stm32f10x_flash.o(i.FLASH_EraseAllBank1Pages) refers to stm32f10x_flash.o(i.FLASH_WaitForLastBank1Operation) for FLASH_WaitForLastBank1Operation
    stm32f10x_flash.o(i.FLASH_EraseAllPages) refers to stm32f10x_flash.o(i.FLASH_WaitForLastOperation) for FLASH_WaitForLastOperation
    stm32f10x_flash.o(i.FLASH_EraseOptionBytes) refers to stm32f10x_flash.o(i.FLASH_GetReadOutProtectionStatus) for FLASH_GetReadOutProtectionStatus
    stm32f10x_flash.o(i.FLASH_EraseOptionBytes) refers to stm32f10x_flash.o(i.FLASH_WaitForLastOperation) for FLASH_WaitForLastOperation
    stm32f10x_flash.o(i.FLASH_ErasePage) refers to stm32f10x_flash.o(i.FLASH_WaitForLastOperation) for FLASH_WaitForLastOperation
    stm32f10x_flash.o(i.FLASH_ProgramHalfWord) refers to stm32f10x_flash.o(i.FLASH_WaitForLastOperation) for FLASH_WaitForLastOperation
    stm32f10x_flash.o(i.FLASH_ProgramOptionByteData) refers to stm32f10x_flash.o(i.FLASH_WaitForLastOperation) for FLASH_WaitForLastOperation
    stm32f10x_flash.o(i.FLASH_ProgramWord) refers to stm32f10x_flash.o(i.FLASH_WaitForLastOperation) for FLASH_WaitForLastOperation
    stm32f10x_flash.o(i.FLASH_ReadOutProtection) refers to stm32f10x_flash.o(i.FLASH_WaitForLastOperation) for FLASH_WaitForLastOperation
    stm32f10x_flash.o(i.FLASH_UserOptionByteConfig) refers to stm32f10x_flash.o(i.FLASH_WaitForLastOperation) for FLASH_WaitForLastOperation
    stm32f10x_flash.o(i.FLASH_WaitForLastBank1Operation) refers to stm32f10x_flash.o(i.FLASH_GetBank1Status) for FLASH_GetBank1Status
    stm32f10x_flash.o(i.FLASH_WaitForLastOperation) refers to stm32f10x_flash.o(i.FLASH_GetBank1Status) for FLASH_GetBank1Status
    stm32f10x_gpio.o(i.GPIO_AFIODeInit) refers to stm32f10x_rcc.o(i.RCC_APB2PeriphResetCmd) for RCC_APB2PeriphResetCmd
    stm32f10x_gpio.o(i.GPIO_DeInit) refers to stm32f10x_rcc.o(i.RCC_APB2PeriphResetCmd) for RCC_APB2PeriphResetCmd
    stm32f10x_i2c.o(i.I2C_DeInit) refers to stm32f10x_rcc.o(i.RCC_APB1PeriphResetCmd) for RCC_APB1PeriphResetCmd
    stm32f10x_i2c.o(i.I2C_Init) refers to stm32f10x_rcc.o(i.RCC_GetClocksFreq) for RCC_GetClocksFreq
    stm32f10x_pwr.o(i.PWR_DeInit) refers to stm32f10x_rcc.o(i.RCC_APB1PeriphResetCmd) for RCC_APB1PeriphResetCmd
    stm32f10x_rcc.o(i.RCC_GetClocksFreq) refers to stm32f10x_rcc.o(.data) for .data
    stm32f10x_rcc.o(i.RCC_WaitForHSEStartUp) refers to stm32f10x_rcc.o(i.RCC_GetFlagStatus) for RCC_GetFlagStatus
    stm32f10x_rtc.o(i.RTC_SetAlarm) refers to stm32f10x_rtc.o(i.RTC_EnterConfigMode) for RTC_EnterConfigMode
    stm32f10x_rtc.o(i.RTC_SetAlarm) refers to stm32f10x_rtc.o(i.RTC_ExitConfigMode) for RTC_ExitConfigMode
[...]
    i.USART_Cmd                              0x08002ece   Section        0  stm32f10x_usart.o(i.USART_Cmd)
    i.USART_Data_Copy                        0x08002ee4   Section        0  akm_uart_pi.o(i.USART_Data_Copy)
    USART_Data_Copy                          0x08002ee5   Thumb Code   100  akm_uart_pi.o(i.USART_Data_Copy)
    i.USART_GetITStatus                      0x08002f50   Section        0  stm32f10x_usart.o(i.USART_GetITStatus)
    i.USART_ITConfig                         0x08002f8e   Section        0  stm32f10x_usart.o(i.USART_ITConfig)
    i.USART_Init                             0x08002fc0   Section        0  stm32f10x_usart.o(i.USART_Init)
    i.USART_Receive_Analysis                 0x0800306c   Section        0  akm_uart_pi.o(i.USART_Receive_Analysis)
    i.USART_Transmiss_Datagroups             0x080030ec   Section        0  akm_uart_pi.o(i.USART_Transmiss_Datagroups)
    i.UsageFault_Handler                     0x080031c8   Section        0  stm32f10x_it.o(i.UsageFault_Handler)
    i.Vofa_Init                              0x080031cc   Section        0  vofaplus.o(i.Vofa_Init)
    i.Vofa_JustFloatSendDataAll              0x080031d8   Section        0  vofaplus.o(i.Vofa_JustFloatSendDataAll)
    i.Vofa_UART_SendBytes                    0x08003200   Section        0  vofaplus.o(i.Vofa_UART_SendBytes)
    Vofa_UART_SendBytes                      0x08003201   Thumb Code    24  vofaplus.o(i.Vofa_UART_SendBytes)
    i.__0printf$1                            0x0800321c   Section        0  printf1.o(i.__0printf$1)
    i.__ARM_fpclassify                       0x0800323c   Section        0  fpclassify.o(i.__ARM_fpclassify)
    i.__ieee754_rem_pio2                     0x08003264   Section        0  rred.o(i.__ieee754_rem_pio2)
    i.__kernel_cos                           0x080035ec   Section        0  cos_i.o(i.__kernel_cos)
    i.__kernel_poly                          0x080036e8   Section        0  poly.o(i.__kernel_poly)
    i.__kernel_sin                           0x08003794   Section        0  sin_i.o(i.__kernel_sin)
    i.__kernel_tan                           0x08003880   Section        0  tan_i.o(i.__kernel_tan)
    i.__mathlib_dbl_infnan                   0x08003afc   Section        0  dunder.o(i.__mathlib_dbl_infnan)
    i.__mathlib_dbl_infnan2                  0x08003b02   Section        0  dunder.o(i.__mathlib_dbl_infnan2)
    i.__mathlib_dbl_invalid                  0x08003b06   Section        0  dunder.o(i.__mathlib_dbl_invalid)
    i.__mathlib_dbl_underflow                0x08003b14   Section        0  dunder.o(i.__mathlib_dbl_underflow)
    i.__scatterload_copy                     0x08003b24   Section       14  handlers.o(i.__scatterload_copy)
    i.__scatterload_null                     0x08003b32   Section        2  handlers.o(i.__scatterload_null)
    i.__scatterload_zeroinit                 0x08003b34   Section       14  handlers.o(i.__scatterload_zeroinit)
    i.__set_errno                            0x08003b44   Section        0  errno.o(i.__set_errno)
    i._printf_core                           0x08003b50   Section        0  printf1.o(i._printf_core)
    _printf_core                             0x08003b51   Thumb Code   336  printf1.o(i._printf_core)
    i.accel_self_test                        0x08003ca4   Section        0  inv_mpu.o(i.accel_self_test)
    accel_self_test                          0x08003ca5   Thumb Code   112  inv_mpu.o(i.accel_self_test)
    i.asin                                   0x08003d20   Section        0  asin.o(i.asin)
    i.atan                                   0x08003f90   Section        0  atan.o(i.atan)
    i.atan2                                  0x080041b0   Section        0  atan2.o(i.atan2)
    i.cos                                    0x0800434c   Section        0  cos.o(i.cos)
    i.dmp_enable_6x_lp_quat                  0x080043e8   Section        0  inv_mpu_dmp_motion_driver.o(i.dmp_enable_6x_lp_quat)
    i.dmp_enable_feature                     0x08004424   Section        0  inv_mpu_dmp_motion_driver.o(i.dmp_enable_feature)
    i.dmp_enable_gyro_cal                    0x08004600   Section        0  inv_mpu_dmp_motion_driver.o(i.dmp_enable_gyro_cal)
    i.dmp_enable_lp_quat                     0x08004638   Section        0  inv_mpu_dmp_motion_driver.o(i.dmp_enable_lp_quat)
    i.dmp_load_motion_driver_firmware        0x08004674   Section        0  inv_mpu_dmp_motion_driver.o(i.dmp_load_motion_driver_firmware)
    i.dmp_read_fifo                          0x08004688   Section        0  inv_mpu_dmp_motion_driver.o(i.dmp_read_fifo)
    i.dmp_set_accel_bias                     0x080047f0   Section        0  inv_mpu_dmp_motion_driver.o(i.dmp_set_accel_bias)
    i.dmp_set_fifo_rate                      0x080048c8   Section        0  inv_mpu_dmp_motion_driver.o(i.dmp_set_fifo_rate)
    i.dmp_set_gyro_bias                      0x0800492c   Section        0  inv_mpu_dmp_motion_driver.o(i.dmp_set_gyro_bias)
    i.dmp_set_orientation                    0x080049f8   Section        0  inv_mpu_dmp_motion_driver.o(i.dmp_set_orientation)
    i.dmp_set_shake_reject_thresh            0x08004b04   Section        0  inv_mpu_dmp_motion_driver.o(i.dmp_set_shake_reject_thresh)
    i.dmp_set_shake_reject_time              0x08004b34   Section        0  inv_mpu_dmp_motion_driver.o(i.dmp_set_shake_reject_time)
    i.dmp_set_shake_reject_timeout           0x08004b54   Section        0  inv_mpu_dmp_motion_driver.o(i.dmp_set_shake_reject_timeout)
    i.dmp_set_tap_axes                       0x08004b74   Section        0  inv_mpu_dmp_motion_driver.o(i.dmp_set_tap_axes)
    i.dmp_set_tap_count                      0x08004bb4   Section        0  inv_mpu_dmp_motion_driver.o(i.dmp_set_tap_count)
    i.dmp_set_tap_thresh                     0x08004bd8   Section        0  inv_mpu_dmp_motion_driver.o(i.dmp_set_tap_thresh)
    i.dmp_set_tap_time                       0x08004d00   Section        0  inv_mpu_dmp_motion_driver.o(i.dmp_set_tap_time)
    i.dmp_set_tap_time_multi                 0x08004d20   Section        0  inv_mpu_dmp_motion_driver.o(i.dmp_set_tap_time_multi)
    i.fputc                                  0x08004d40   Section        0  fputc.o(i.fputc)
    i.get_accel_prod_shift                   0x08004d54   Section        0  inv_mpu.o(i.get_accel_prod_shift)
    get_accel_prod_shift                     0x08004d55   Thumb Code   156  inv_mpu.o(i.get_accel_prod_shift)
    i.get_st_biases                          0x08004dfc   Section        0  inv_mpu.o(i.get_st_biases)
    get_st_biases                            0x08004dfd   Thumb Code   784  inv_mpu.o(i.get_st_biases)
    i.gyro_self_test                         0x08005110   Section        0  inv_mpu.o(i.gyro_self_test)
    gyro_self_test                           0x08005111   Thumb Code   194  inv_mpu.o(i.gyro_self_test)
    i.inv_row_2_scale                        0x080051e8   Section        0  mpu_6050.o(i.inv_row_2_scale)
    inv_row_2_scale                          0x080051e9   Thumb Code    72  mpu_6050.o(i.inv_row_2_scale)
    i.main                                   0x08005230   Section        0  main.o(i.main)
    i.mpu_configure_fifo                     0x08005248   Section        0  inv_mpu.o(i.mpu_configure_fifo)
    i.mpu_get_accel_fsr                      0x080052a0   Section        0  inv_mpu.o(i.mpu_get_accel_fsr)
    i.mpu_get_accel_sens                     0x080052dc   Section        0  inv_mpu.o(i.mpu_get_accel_sens)
    i.mpu_get_gyro_fsr                       0x08005320   Section        0  inv_mpu.o(i.mpu_get_gyro_fsr)
    i.mpu_get_gyro_sens                      0x08005354   Section        0  inv_mpu.o(i.mpu_get_gyro_sens)
    i.mpu_get_lpf                            0x08005394   Section        0  inv_mpu.o(i.mpu_get_lpf)
    i.mpu_get_sample_rate                    0x080053cc   Section        0  inv_mpu.o(i.mpu_get_sample_rate)
    i.mpu_init                               0x080053e8   Section        0  inv_mpu.o(i.mpu_init)
    i.mpu_load_firmware                      0x08005570   Section        0  inv_mpu.o(i.mpu_load_firmware)
    i.mpu_lp_accel_mode                      0x08005614   Section        0  inv_mpu.o(i.mpu_lp_accel_mode)
    i.mpu_read_fifo_stream                   0x080056cc   Section        0  inv_mpu.o(i.mpu_read_fifo_stream)
    i.mpu_read_mem                           0x0800575c   Section        0  inv_mpu.o(i.mpu_read_mem)
    i.mpu_reset_fifo                         0x080057b0   Section        0  inv_mpu.o(i.mpu_reset_fifo)
    i.mpu_run_self_test                      0x08005900   Section        0  inv_mpu.o(i.mpu_run_self_test)
    i.mpu_set_accel_fsr                      0x080059f0   Section        0  inv_mpu.o(i.mpu_set_accel_fsr)
    i.mpu_set_bypass                         0x08005a58   Section        0  inv_mpu.o(i.mpu_set_bypass)
    i.mpu_set_dmp_state                      0x08005b34   Section        0  inv_mpu.o(i.mpu_set_dmp_state)
    i.mpu_set_gyro_fsr                       0x08005bac   Section        0  inv_mpu.o(i.mpu_set_gyro_fsr)
    i.mpu_set_int_latched                    0x08005c18   Section        0  inv_mpu.o(i.mpu_set_int_latched)
    i.mpu_set_lpf                            0x08005c7c   Section        0  inv_mpu.o(i.mpu_set_lpf)
    i.mpu_set_sample_rate                    0x08005ce8   Section        0  inv_mpu.o(i.mpu_set_sample_rate)
    i.mpu_set_sensors                        0x08005d60   Section        0  inv_mpu.o(i.mpu_set_sensors)
    i.mpu_write_mem                          0x08005e18   Section        0  inv_mpu.o(i.mpu_write_mem)
    i.myget_ms                               0x08005e6c   Section        0  inv_mpu.o(i.myget_ms)
    i.run_self_test                          0x08005e6e   Section        0  mpu_6050.o(i.run_self_test)
    run_self_test                            0x08005e6f   Thumb Code   122  mpu_6050.o(i.run_self_test)
    i.set_int_enable                         0x08005ee8   Section        0  inv_mpu.o(i.set_int_enable)
    set_int_enable                           0x08005ee9   Thumb Code    80  inv_mpu.o(i.set_int_enable)
    i.sin                                    0x08005f3c   Section        0  sin.o(i.sin)
    i.sqrt                                   0x08005fdc   Section        0  sqrt.o(i.sqrt)
    i.tan                                    0x08006028   Section        0  tan.o(i.tan)
    .constdata                               0x0800608c   Section     3062  inv_mpu_dmp_motion_driver.o(.constdata)
    dmp_memory                               0x0800608c   Data        3062  inv_mpu_dmp_motion_driver.o(.constdata)
    .constdata                               0x08006c82   Section       12  inv_mpu.o(.constdata)
    .constdata                               0x08006c8e   Section       27  inv_mpu.o(.constdata)
    .constdata                               0x08006cac   Section       40  inv_mpu.o(.constdata)
    .constdata                               0x08006cd4   Section        4  vofaplus.o(.constdata)
    justFloatTail                            0x08006cd4   Data           4  vofaplus.o(.constdata)
    .constdata                               0x08006cd8   Section       80  asin.o(.constdata)
    pS                                       0x08006cd8   Data          48  asin.o(.constdata)
    qS                                       0x08006d08   Data          32  asin.o(.constdata)
    .constdata                               0x08006d28   Section      152  atan.o(.constdata)
    atanhi                                   0x08006d28   Data          32  atan.o(.constdata)
    atanlo                                   0x08006d48   Data          32  atan.o(.constdata)
    aTodd                                    0x08006d68   Data          40  atan.o(.constdata)
    aTeven                                   0x08006d90   Data          48  atan.o(.constdata)
    .constdata                               0x08006dc0   Section       48  cos_i.o(.constdata)
    C                                        0x08006dc0   Data          48  cos_i.o(.constdata)
    .constdata                               0x08006df0   Section        8  qnan.o(.constdata)
    .constdata                               0x08006df8   Section      200  rred.o(.constdata)
    pio2s                                    0x08006df8   Data          48  rred.o(.constdata)
    twooverpi                                0x08006e28   Data         152  rred.o(.constdata)
    .constdata                               0x08006ec0   Section       40  sin_i.o(.constdata)
    S                                        0x08006ec0   Data          40  sin_i.o(.constdata)
    .constdata                               0x08006ee8   Section       96  tan_i.o(.constdata)
    Todd                                     0x08006ee8   Data          48  tan_i.o(.constdata)
    Teven                                    0x08006f18   Data          48  tan_i.o(.constdata)
    .conststring                             0x08006f48   Section       78  inv_mpu.o(.conststring)
    .data                                    0x20000000   Section       20  stm32f10x_rcc.o(.data)
    ADCPrescTable                            0x20000000   Data           4  stm32f10x_rcc.o(.data)
    APBAHBPrescTable                         0x20000004   Data          16  stm32f10x_rcc.o(.data)
    .data                                    0x20000014   Section        4  akm_volt.o(.data)
    bat_vol_cnt                              0x20000016   Data           2  akm_volt.o(.data)
    .data                                    0x20000018   Section       84  akm_uart_pi.o(.data)
    p_func                                   0x20000018   Data          24  akm_uart_pi.o(.data)
    uart2_tx_buf                             0x20000030   Data          60  akm_uart_pi.o(.data)
    .data                                    0x2000006c   Section      112  akm_control.o(.data)
    pwm_out                                  0x2000006e   Data           2  akm_control.o(.data)
    bias_last                                0x20000070   Data           2  akm_control.o(.data)
    bias_2l                                  0x20000072   Data           2  akm_control.o(.data)
    pwm_out                                  0x20000074   Data           2  akm_control.o(.data)
    bias_last                                0x20000076   Data           2  akm_control.o(.data)
    bias_2l                                  0x20000078   Data           2  akm_control.o(.data)
    robot_params                             0x20000084   Data           4  akm_control.o(.data)
    recv_count                               0x20000088   Data           4  akm_control.o(.data)
    wheel_mult                               0x20000094   Data           8  akm_control.o(.data)
    current_count                            0x2000009c   Data           8  akm_control.o(.data)
    encoder                                  0x200000a4   Data           8  akm_control.o(.data)
    CtrlParam                                0x200000bc   Data          32  akm_control.o(.data)
    .data                                    0x200000dc   Section       44  inv_mpu.o(.data)
    st                                       0x200000dc   Data          44  inv_mpu.o(.data)
    .data                                    0x20000108   Section       41  mpu_6050.o(.data)
    gyro_orientation                         0x20000128   Data           9  mpu_6050.o(.data)
    .data                                    0x20000134   Section        8  vofaplus.o(.data)
    head_handle                              0x20000134   Data           4  vofaplus.o(.data)
    UARTSendByteCallback                     0x20000138   Data           4  vofaplus.o(.data)
    .data                                    0x2000013c   Section       36  taskloop.o(.data)
    sched_tasks                              0x20000140   Data          32  taskloop.o(.data)
    .data                                    0x20000160   Section        4  stdout.o(.data)
    .data                                    0x20000164   Section        4  errno.o(.data)
    _errno                                   0x20000164   Data           4  errno.o(.data)
    .bss                                     0x20000168   Section       84  akm_uart_pi.o(.bss)
    comdata                                  0x20000168   Data          41  akm_uart_pi.o(.bss)
    .bss                                     0x200001c0   Section       52  akm_control.o(.bss)
    delta_count                              0x200001c0   Data          16  akm_control.o(.bss)
    delta_v_ave                              0x200001d0   Data          24  akm_control.o(.bss)
    .bss                                     0x200001f4   Section       16  inv_mpu_dmp_motion_driver.o(.bss)
    dmp                                      0x200001f4   Data          16  inv_mpu_dmp_motion_driver.o(.bss)
    .bss                                     0x20000204   Section       20  mpu_6050.o(.bss)
    STACK                                    0x20000218   Section     1024  startup_stm32f10x_hd.o(STACK)

    Global Symbols

    Symbol Name                              Value     Ov Type        Size  Object(Section)

    BuildAttributes$$THM_ISAv4$P$D$K$B$S$PE$A:L22UL41UL21$X:L11$S22US41US21$IEEE1$IW$USESV6$~STKCKD$USESV7$~SHL$OTIME$ROPI$IEEEX$EBA8$MICROLIB$REQ8$PRES8$EABIv2 0x00000000   Number         0  anon$$obj.o ABSOLUTE
    __ARM_use_no_argv                        0x00000000   Number         0  main.o ABSOLUTE
    _printf_a                                0x00000000   Number         0  stubs.o ABSOLUTE
    _printf_c                                0x00000000   Number         0  stubs.o ABSOLUTE
    _printf_charcount                        0x00000000   Number         0  stubs.o ABSOLUTE
    _printf_d                                0x00000000   Number         0  stubs.o ABSOLUTE
    _printf_e                                0x00000000   Number         0  stubs.o ABSOLUTE
    _printf_f                                0x00000000   Number         0  stubs.o ABSOLUTE
    _printf_flags                            0x00000000   Number         0  stubs.o ABSOLUTE
    _printf_fp_dec                           0x00000000   Number         0  stubs.o ABSOLUTE
    _printf_fp_hex                           0x00000000   Number         0  stubs.o ABSOLUTE
    _printf_g                                0x00000000   Number         0  stubs.o ABSOLUTE
    _printf_i                                0x00000000   Number         0  stubs.o ABSOLUTE
    _printf_int_dec                          0x00000000   Number         0  stubs.o ABSOLUTE
    _printf_l                                0x00000000   Number         0  stubs.o ABSOLUTE
    _printf_lc                               0x00000000   Number         0  stubs.o ABSOLUTE
    _printf_ll                               0x00000000   Number         0  stubs.o ABSOLUTE
    _printf_lld                              0x00000000   Number         0  stubs.o ABSOLUTE
    _printf_lli                              0x00000000   Number         0  stubs.o ABSOLUTE
    _printf_llo                              0x00000000   Number         0  stubs.o ABSOLUTE
    _printf_llu                              0x00000000   Number         0  stubs.o ABSOLUTE
    _printf_llx                              0x00000000   Number         0  stubs.o ABSOLUTE
    _printf_longlong_dec                     0x00000000   Number         0  stubs.o ABSOLUTE
    _printf_longlong_hex                     0x00000000   Number         0  stubs.o ABSOLUTE
    _printf_longlong_oct                     0x00000000   Number         0  stubs.o ABSOLUTE
    _printf_ls                               0x00000000   Number         0  stubs.o ABSOLUTE
    _printf_mbtowc                           0x00000000   Number         0  stubs.o ABSOLUTE
    _printf_n                                0x00000000   Number         0  stubs.o ABSOLUTE
    _printf_o                                0x00000000   Number         0  stubs.o ABSOLUTE
    _printf_p                                0x00000000   Number         0  stubs.o ABSOLUTE
    _printf_percent                          0x00000000   Number         0  stubs.o ABSOLUTE
    _printf_pre_padding                      0x00000000   Number         0  stubs.o ABSOLUTE
    _printf_return_value                     0x00000000   Number         0  stubs.o ABSOLUTE
    _printf_s                                0x00000000   Number         0  stubs.o ABSOLUTE
    _printf_sizespec                         0x00000000   Number         0  stubs.o ABSOLUTE
    _printf_str                              0x00000000   Number         0  stubs.o ABSOLUTE
    _printf_truncate_signed                  0x00000000   Number         0  stubs.o ABSOLUTE
    _printf_truncate_unsigned                0x00000000   Number         0  stubs.o ABSOLUTE
    _printf_u                                0x00000000   Number         0  stubs.o ABSOLUTE
    _printf_wc                               0x00000000   Number         0  stubs.o ABSOLUTE
    _printf_wctomb                           0x00000000   Number         0  stubs.o ABSOLUTE
    _printf_widthprec                        0x00000000   Number         0  stubs.o ABSOLUTE
    _printf_x                                0x00000000   Number         0  stubs.o ABSOLUTE
    __arm_fini_                               - Undefined Weak Reference
    __cpp_initialize__aeabi_                  - Undefined Weak Reference
    __cxa_finalize                            - Undefined Weak Reference
    _clock_init                               - Undefined Weak Reference
    _microlib_exit                            - Undefined Weak Reference
    __Vectors_Size                           0x00000130   Number         0  startup_stm32f10x_hd.o ABSOLUTE
    __Vectors                                0x08000000   Data           4  startup_stm32f10x_hd.o(RESET)
    __Vectors_End                            0x08000130   Data           0  startup_stm32f10x_hd.o(RESET)
    __main                                   0x08000131   Thumb Code     0  entry.o(.ARM.Collect$$$$00000000)
    _main_stk                                0x08000131   Thumb Code     0  entry2.o(.ARM.Collect$$$$00000001)
    _main_scatterload                        0x08000135   Thumb Code     0  entry5.o(.ARM.Collect$$$$00000004)
    __main_after_scatterload                 0x08000139   Thumb Code     0  entry5.o(.ARM.Collect$$$$00000004)
    _main_clock                              0x08000139   Thumb Code     0  entry7b.o(.ARM.Collect$$$$00000008)
    _main_cpp_init                           0x08000139   Thumb Code     0  entry8b.o(.ARM.Collect$$$$0000000A)
    _main_init                               0x08000139   Thumb Code     0  entry9a.o(.ARM.Collect$$$$0000000B)
    __rt_lib_shutdown_fini                   0x08000141   Thumb Code     0  entry12b.o(.ARM.Collect$$$$0000000E)
    __rt_final_cpp                           0x08000145   Thumb Code     0  entry10a.o(.ARM.Collect$$$$0000000F)
    __rt_final_exit                          0x08000145   Thumb Code     0  entry11a.o(.ARM.Collect$$$$00000011)
    Reset_Handler                            0x08000149   Thumb Code     8  startup_stm32f10x_hd.o(.text)
    SVC_Handler                              0x0800015b   Thumb Code     2  startup_stm32f10x_hd.o(.text)
    PendSV_Handler                           0x0800015f   Thumb Code     2  startup_stm32f10x_hd.o(.text)
    SysTick_Handler                          0x08000161   Thumb Code     2  startup_stm32f10x_hd.o(.text)
    ADC1_2_IRQHandler                        0x08000163   Thumb Code     0  startup_stm32f10x_hd.o(.text)
    ADC3_IRQHandler                          0x08000163   Thumb Code     0  startup_stm32f10x_hd.o(.text)
    CAN1_RX1_IRQHandler                      0x08000163   Thumb Code     0  startup_stm32f10x_hd.o(.text)
    CAN1_SCE_IRQHandler                      0x08000163   Thumb Code     0  startup_stm32f10x_hd.o(.text)
    DMA1_Channel1_IRQHandler                 0x08000163   Thumb Code     0  startup_stm32f10x_hd.o(.text)
    DMA1_Channel2_IRQHandler                 0x08000163   Thumb Code     0  startup_stm32f10x_hd.o(.text)
    DMA1_Channel3_IRQHandler                 0x08000163   Thumb Code     0  startup_stm32f10x_hd.o(.text)
    DMA1_Channel4_IRQHandler                 0x08000163   Thumb Code     0  startup_stm32f10x_hd.o(.text)
    DMA1_Channel5_IRQHandler                 0x08000163   Thumb Code     0  startup_stm32f10x_hd.o(.text)
    DMA1_Channel6_IRQHandler                 0x08000163   Thumb Code     0  startup_stm32f10x_hd.o(.text)
    DMA1_Channel7_IRQHandler                 0x08000163   Thumb Code     0  startup_stm32f10x_hd.o(.text)
    DMA2_Channel1_IRQHandler                 0x08000163   Thumb Code     0  startup_stm32f10x_hd.o(.text)
    DMA2_Channel2_IRQHandler                 0x08000163   Thumb Code     0  startup_stm32f10x_hd.o(.text)
    DMA2_Channel3_IRQHandler                 0x08000163   Thumb Code     0  startup_stm32f10x_hd.o(.text)
    DMA2_Channel4_5_IRQHandler               0x08000163   Thumb Code     0  startup_stm32f10x_hd.o(.text)
    EXTI0_IRQHandler                         0x08000163   Thumb Code     0  startup_stm32f10x_hd.o(.text)
    EXTI15_10_IRQHandler                     0x08000163   Thumb Code     0  startup_stm32f10x_hd.o(.text)
    EXTI1_IRQHandler                         0x08000163   Thumb Code     0  startup_stm32f10x_hd.o(.text)
    EXTI2_IRQHandler                         0x08000163   Thumb Code     0  startup_stm32f10x_hd.o(.text)
    EXTI3_IRQHandler                         0x08000163   Thumb Code     0  startup_stm32f10x_hd.o(.text)
    EXTI4_IRQHandler                         0x08000163   Thumb Code     0  startup_stm32f10x_hd.o(.text)
    EXTI9_5_IRQHandler                       0x08000163   Thumb Code     0  startup_stm32f10x_hd.o(.text)
    FLASH_IRQHandler                         0x08000163   Thumb Code     0  startup_stm32f10x_hd.o(.text)
    FSMC_IRQHandler                          0x08000163   Thumb Code     0  startup_stm32f10x_hd.o(.text)
    I2C1_ER_IRQHandler                       0x08000163   Thumb Code     0  startup_stm32f10x_hd.o(.text)
    I2C1_EV_IRQHandler                       0x08000163   Thumb Code     0  startup_stm32f10x_hd.o(.text)
    I2C2_ER_IRQHandler                       0x08000163   Thumb Code     0  startup_stm32f10x_hd.o(.text)
    I2C2_EV_IRQHandler                       0x08000163   Thumb Code     0  startup_stm32f10x_hd.o(.text)
    PVD_IRQHandler                           0x08000163   Thumb Code     0  startup_stm32f10x_hd.o(.text)
    RCC_IRQHandler                           0x08000163   Thumb Code     0  startup_stm32f10x_hd.o(.text)
    RTCAlarm_IRQHandler                      0x08000163   Thumb Code     0  startup_stm32f10x_hd.o(.text)
    RTC_IRQHandler                           0x08000163   Thumb Code     0  startup_stm32f10x_hd.o(.text)
    SDIO_IRQHandler                          0x08000163   Thumb Code     0  startup_stm32f10x_hd.o(.text)
    SPI1_IRQHandler                          0x08000163   Thumb Code     0  startup_stm32f10x_hd.o(.text)
    SPI2_IRQHandler                          0x08000163   Thumb Code     0  startup_stm32f10x_hd.o(.text)
    SPI3_IRQHandler                          0x08000163   Thumb Code     0  startup_stm32f10x_hd.o(.text)
    TAMPER_IRQHandler                        0x08000163   Thumb Code     0  startup_stm32f10x_hd.o(.text)
    TIM1_BRK_IRQHandler                      0x08000163   Thumb Code     0  startup_stm32f10x_hd.o(.text)
    TIM1_CC_IRQHandler                       0x08000163   Thumb Code     0  startup_stm32f10x_hd.o(.text)
    TIM1_TRG_COM_IRQHandler                  0x08000163   Thumb Code     0  startup_stm32f10x_hd.o(.text)
    TIM1_UP_IRQHandler                       0x08000163   Thumb Code     0  startup_stm32f10x_hd.o(.text)
    TIM2_IRQHandler                          0x08000163   Thumb Code     0  startup_stm32f10x_hd.o(.text)
    TIM3_IRQHandler                          0x08000163   Thumb Code     0  startup_stm32f10x_hd.o(.text)
    TIM4_IRQHandler                          0x08000163   Thumb Code     0  startup_stm32f10x_hd.o(.text)
    TIM5_IRQHandler                          0x08000163   Thumb Code     0  startup_stm32f10x_hd.o(.text)
    TIM7_IRQHandler                          0x08000163   Thumb Code     0  startup_stm32f10x_hd.o(.text)
    TIM8_BRK_IRQHandler                      0x08000163   Thumb Code     0  startup_stm32f10x_hd.o(.text)
    TIM8_CC_IRQHandler                       0x08000163   Thumb Code     0  startup_stm32f10x_hd.o(.text)
    TIM8_TRG_COM_IRQHandler                  0x08000163   Thumb Code     0  startup_stm32f10x_hd.o(.text)
    TIM8_UP_IRQHandler                       0x08000163   Thumb Code     0  startup_stm32f10x_hd.o(.text)
    UART4_IRQHandler                         0x08000163   Thumb Code     0  startup_stm32f10x_hd.o(.text)
    UART5_IRQHandler                         0x08000163   Thumb Code     0  startup_stm32f10x_hd.o(.text)
    USART1_IRQHandler                        0x08000163   Thumb Code     0  startup_stm32f10x_hd.o(.text)
    USART3_IRQHandler                        0x08000163   Thumb Code     0  startup_stm32f10x_hd.o(.text)
    USBWakeUp_IRQHandler                     0x08000163   Thumb Code     0  startup_stm32f10x_hd.o(.text)
    USB_HP_CAN1_TX_IRQHandler                0x08000163   Thumb Code     0  startup_stm32f10x_hd.o(.text)
    USB_LP_CAN1_RX0_IRQHandler               0x08000163   Thumb Code     0  startup_stm32f10x_hd.o(.text)
    WWDG_IRQHandler                          0x08000163   Thumb Code     0  startup_stm32f10x_hd.o(.text)
    __aeabi_ldivmod                          0x0800016d   Thumb Code    98  ldiv.o(.text)
    __aeabi_memset                           0x080001cf   Thumb Code    14  memseta.o(.text)
    __aeabi_memset4                          0x080001cf   Thumb Code     0  memseta.o(.text)
    __aeabi_memset8                          0x080001cf   Thumb Code     0  memseta.o(.text)
    __aeabi_memclr                           0x080001dd   Thumb Code     4  memseta.o(.text)
    __aeabi_memclr4                          0x080001dd   Thumb Code     0  memseta.o(.text)
    __aeabi_memclr8                          0x080001dd   Thumb Code     0  memseta.o(.text)
    _memset$wrapper                          0x080001e1   Thumb Code    18  memseta.o(.text)
    memcmp                                   0x080001f3   Thumb Code    26  memcmp.o(.text)
    __aeabi_fadd                             0x0800020d   Thumb Code   164  fadd.o(.text)
    __aeabi_fsub                             0x080002b1   Thumb Code     6  fadd.o(.text)
    __aeabi_frsub                            0x080002b7   Thumb Code     6  fadd.o(.text)
    __aeabi_fmul                             0x080002bd   Thumb Code   100  fmul.o(.text)
    __aeabi_fdiv                             0x08000321   Thumb Code   124  fdiv.o(.text)
    __ARM_scalbnf                            0x0800039d   Thumb Code    24  fscalb.o(.text)
    scalbnf                                  0x0800039d   Thumb Code     0  fscalb.o(.text)
    __aeabi_dadd                             0x080003b5   Thumb Code   322  dadd.o(.text)
    __aeabi_dsub                             0x080004f7   Thumb Code     6  dadd.o(.text)
    __aeabi_drsub                            0x080004fd   Thumb Code     6  dadd.o(.text)
    __aeabi_dmul                             0x08000503   Thumb Code   228  dmul.o(.text)
    __aeabi_ddiv                             0x080005e7   Thumb Code   222  ddiv.o(.text)
    __ARM_scalbn                             0x080006c5   Thumb Code    46  dscalb.o(.text)
    scalbn                                   0x080006c5   Thumb Code     0  dscalb.o(.text)
    __aeabi_i2f                              0x080006f3   Thumb Code    18  fflti.o(.text)
    __aeabi_ui2f                             0x08000705   Thumb Code    10  ffltui.o(.text)
    __aeabi_i2d                              0x0800070f   Thumb Code    34  dflti.o(.text)
    __aeabi_f2iz                             0x08000731   Thumb Code    50  ffixi.o(.text)
    __aeabi_f2uiz                            0x08000763   Thumb Code    40  ffixui.o(.text)
    __aeabi_d2iz                             0x0800078b   Thumb Code    62  dfixi.o(.text)
    __aeabi_f2d                              0x080007c9   Thumb Code    38  f2d.o(.text)
    __aeabi_cdcmpeq                          0x080007f1   Thumb Code     0  cdcmple.o(.text)
    __aeabi_cdcmple                          0x080007f1   Thumb Code    48  cdcmple.o(.text)
    __aeabi_cdrcmple                         0x08000821   Thumb Code    48  cdrcmple.o(.text)
    __aeabi_d2f                              0x08000851   Thumb Code    56  d2f.o(.text)
    __aeabi_uidiv                            0x08000889   Thumb Code     0  uidiv.o(.text)
    __aeabi_uidivmod                         0x08000889   Thumb Code    44  uidiv.o(.text)
    __aeabi_uldivmod                         0x080008b5   Thumb Code    98  uldiv.o(.text)
    __aeabi_llsl                             0x08000917   Thumb Code    30  llshl.o(.text)
    _ll_shift_l                              0x08000917   Thumb Code     0  llshl.o(.text)
    __aeabi_llsr                             0x08000935   Thumb Code    32  llushr.o(.text)
    _ll_ushift_r                             0x08000935   Thumb Code     0  llushr.o(.text)
    __aeabi_lasr                             0x08000955   Thumb Code    36  llsshr.o(.text)
    _ll_sshift_r                             0x08000955   Thumb Code     0  llsshr.o(.text)
    __I$use$fp                               0x08000979   Thumb Code     0  iusefp.o(.text)
    _float_round                             0x08000979   Thumb Code    18  fepilogue.o(.text)
    _float_epilogue                          0x0800098b   Thumb Code    92  fepilogue.o(.text)
    _double_round                            0x080009e7   Thumb Code    30  depilogue.o(.text)
    _double_epilogue                         0x08000a05   Thumb Code   156  depilogue.o(.text)
    __scatterload                            0x08000aa1   Thumb Code    28  init.o(.text)
    __scatterload_rt2                        0x08000aa1   Thumb Code     0  init.o(.text)
    __I$use$semihosting$fputc                0x08000ac5   Thumb Code     0  iusesemip.o(.text)
    __semihosting_library_function           0x08000ac5   Thumb Code     0  semi.o(.text)
    _dsqrt                                   0x08000ac5   Thumb Code   162  dsqrt.o(.text)
    __aeabi_ui2d                             0x08000b67   Thumb Code    26  dfltui.o(.text)
    __decompress                             0x08000b81   Thumb Code     0  __dczerorl2.o(.text)
    __decompress1                            0x08000b81   Thumb Code    86  __dczerorl2.o(.text)
    ADC_Cmd                                  0x08000bd7   Thumb Code    20  stm32f10x_adc.o(i.ADC_Cmd)
    ADC_DeInit                               0x08000bed   Thumb Code    56  stm32f10x_adc.o(i.ADC_DeInit)
    ADC_GetCalibrationStatus                 0x08000c31   Thumb Code    14  stm32f10x_adc.o(i.ADC_GetCalibrationStatus)
    ADC_GetResetCalibrationStatus            0x08000c3f   Thumb Code    14  stm32f10x_adc.o(i.ADC_GetResetCalibrationStatus)
    ADC_Init                                 0x08000c4d   Thumb Code    62  stm32f10x_adc.o(i.ADC_Init)
    ADC_RegularChannelConfig                 0x08000c95   Thumb Code   116  stm32f10x_adc.o(i.ADC_RegularChannelConfig)
    ADC_ResetCalibration                     0x08000d09   Thumb Code    10  stm32f10x_adc.o(i.ADC_ResetCalibration)
    ADC_StartCalibration                     0x08000d13   Thumb Code    10  stm32f10x_adc.o(i.ADC_StartCalibration)
    AKM_ENCODER_Init                         0x08000d1d   Thumb Code   234  akm_encoder.o(i.AKM_ENCODER_Init)
    AKM_ENCODE_A_GetCount                    0x08000e1d   Thumb Code     6  akm_encoder.o(i.AKM_ENCODE_A_GetCount)
    AKM_ENCODE_A_SetCounter                  0x08000e29   Thumb Code     6  akm_encoder.o(i.AKM_ENCODE_A_SetCounter)
    AKM_ENCODE_B_GetCount                    0x08000e35   Thumb Code     6  akm_encoder.o(i.AKM_ENCODE_B_GetCount)
    AKM_ENCODE_B_SetCounter                  0x08000e41   Thumb Code     6  akm_encoder.o(i.AKM_ENCODE_B_SetCounter)
    AKM_MOTOR_A_SpeedSet                     0x08001281   Thumb Code    50  akm_motor.o(i.AKM_MOTOR_A_SpeedSet)
    AKM_MOTOR_B_SpeedSet                     0x080012c5   Thumb Code    50  akm_motor.o(i.AKM_MOTOR_B_SpeedSet)
    AKM_MOTOR_Init                           0x08001309   Thumb Code   188  akm_motor.o(i.AKM_MOTOR_Init)
    AKM_ROBOT_BatteryDetect                  0x080013e1   Thumb Code   150  akm_volt.o(i.AKM_ROBOT_BatteryDetect)
    AKM_ROBOT_MoveCtrl                       0x0800148d   Thumb Code   204  akm_control.o(i.AKM_ROBOT_MoveCtrl)
    AKM_SERVO_SetAngle                       0x08001561   Thumb Code    46  akm_servo.o(i.AKM_SERVO_SetAngle)
    AKM_Servo_Init                           0x08001599   Thumb Code   182  akm_servo.o(i.AKM_Servo_Init)
    AKM_TIME_Init                            0x0800165d   Thumb Code    72  akm_tim.o(i.AKM_TIME_Init)
    AKM_UART_PC_Init                         0x080016ad   Thumb Code   170  akm_uart_pc.o(i.AKM_UART_PC_Init)
    AKM_UART_PI_Init                         0x08001761   Thumb Code   166  akm_uart_pi.o(i.AKM_UART_PI_Init)
    AKM_Volt_Init                            0x0800187d   Thumb Code   142  akm_volt.o(i.AKM_Volt_Init)
    BusFault_Handler                         0x0800193d   Thumb Code     2  stm32f10x_it.o(i.BusFault_Handler)
    Control_PID_Parameters                   0x08001941   Thumb Code    48  akm_control.o(i.Control_PID_Parameters)
    Control_Robot_Parameters                 0x08001975   Thumb Code    22  akm_control.o(i.Control_Robot_Parameters)
    Control_Speed_Parameters                 0x08001991   Thumb Code    86  akm_control.o(i.Control_Speed_Parameters)
    DebugMon_Handler                         0x080019f1   Thumb Code     2  stm32f10x_it.o(i.DebugMon_Handler)
    GPIO_Init                                0x080019f3   Thumb Code   156  stm32f10x_gpio.o(i.GPIO_Init)
    GPIO_PinRemapConfig                      0x08001a91   Thumb Code    82  stm32f10x_gpio.o(i.GPIO_PinRemapConfig)
    GPIO_SetBits                             0x08001ae9   Thumb Code     4  stm32f10x_gpio.o(i.GPIO_SetBits)
    HardFault_Handler                        0x08001aed   Thumb Code     2  stm32f10x_it.o(i.HardFault_Handler)
    MPU6050_DMP_GetData                      0x08001af1   Thumb Code   470  mpu_6050.o(i.MPU6050_DMP_GetData)
    MPU6050_DMP_Init                         0x08001cd5   Thumb Code   194  mpu_6050.o(i.MPU6050_DMP_Init)
    MPU6050_Init                             0x08001e85   Thumb Code   110  mpu_6050.o(i.MPU6050_Init)
    MPU_IIC_Ack                              0x08001ef5   Thumb Code    56  mpu_6050.o(i.MPU_IIC_Ack)
    MPU_IIC_Init                             0x08001f35   Thumb Code    52  mpu_6050.o(i.MPU_IIC_Init)
    MPU_IIC_NAck                             0x08001f6d   Thumb Code    56  mpu_6050.o(i.MPU_IIC_NAck)
    MPU_IIC_Read_Byte                        0x08001fad   Thumb Code   100  mpu_6050.o(i.MPU_IIC_Read_Byte)
    MPU_IIC_Send_Byte                        0x08002019   Thumb Code    80  mpu_6050.o(i.MPU_IIC_Send_Byte)
    MPU_IIC_Start                            0x08002071   Thumb Code    56  mpu_6050.o(i.MPU_IIC_Start)
    MPU_IIC_Stop                             0x080020b1   Thumb Code    58  mpu_6050.o(i.MPU_IIC_Stop)
    MPU_IIC_Wait_Ack                         0x080020f5   Thumb Code    78  mpu_6050.o(i.MPU_IIC_Wait_Ack)
    MPU_Read_Byte                            0x0800214d   Thumb Code    58  mpu_6050.o(i.MPU_Read_Byte)
    MPU_Read_Len                             0x08002187   Thumb Code   106  mpu_6050.o(i.MPU_Read_Len)
    MPU_Write_Byte                           0x080021f1   Thumb Code    60  mpu_6050.o(i.MPU_Write_Byte)
    MPU_Write_Len                            0x0800222d   Thumb Code    82  mpu_6050.o(i.MPU_Write_Len)
    MemManage_Handler                        0x0800227f   Thumb Code     2  stm32f10x_it.o(i.MemManage_Handler)
    NMI_Handler                              0x08002281   Thumb Code     2  stm32f10x_it.o(i.NMI_Handler)
    NVIC_Init                                0x08002285   Thumb Code    94  misc.o(i.NVIC_Init)
    NVIC_PriorityGroupConfig                 0x080022e9   Thumb Code    10  misc.o(i.NVIC_PriorityGroupConfig)
    PID_MotorVelocityCtrlA                   0x080022fd   Thumb Code   144  akm_control.o(i.PID_MotorVelocityCtrlA)
    PID_MotorVelocityCtrlB                   0x08002399   Thumb Code   144  akm_control.o(i.PID_MotorVelocityCtrlB)
    RCC_ADCCLKConfig                         0x08002435   Thumb Code    14  stm32f10x_rcc.o(i.RCC_ADCCLKConfig)
    RCC_APB1PeriphClockCmd                   0x08002449   Thumb Code    18  stm32f10x_rcc.o(i.RCC_APB1PeriphClockCmd)
    RCC_APB1PeriphResetCmd                   0x08002461   Thumb Code    18  stm32f10x_rcc.o(i.RCC_APB1PeriphResetCmd)
    RCC_APB2PeriphClockCmd                   0x08002479   Thumb Code    18  stm32f10x_rcc.o(i.RCC_APB2PeriphClockCmd)
    RCC_APB2PeriphResetCmd                   0x08002491   Thumb Code    18  stm32f10x_rcc.o(i.RCC_APB2PeriphResetCmd)
    RCC_GetClocksFreq                        0x080024a9   Thumb Code   132  stm32f10x_rcc.o(i.RCC_GetClocksFreq)
    SysTick_CLKSourceConfig                  0x080025e5   Thumb Code    24  misc.o(i.SysTick_CLKSourceConfig)
    SysTick_Delay_ms                         0x080025fd   Thumb Code    46  akm_initial.o(i.SysTick_Delay_ms)
    SysTick_Delay_us                         0x0800262b   Thumb Code    44  akm_initial.o(i.SysTick_Delay_us)
    SystemInit                               0x08002659   Thumb Code    64  system_stm32f10x.o(i.SystemInit)
    System_init                              0x080026a9   Thumb Code   224  akm_initial.o(i.System_init)
    TIM6_IRQHandler                          0x08002881   Thumb Code    38  akm_tim.o(i.TIM6_IRQHandler)
    TIM_ARRPreloadConfig                     0x080028b1   Thumb Code    20  stm32f10x_tim.o(i.TIM_ARRPreloadConfig)
    TIM_ClearITPendingBit                    0x080028c5   Thumb Code     6  stm32f10x_tim.o(i.TIM_ClearITPendingBit)
    TIM_Cmd                                  0x080028cb   Thumb Code    20  stm32f10x_tim.o(i.TIM_Cmd)
    TIM_DeInit                               0x080028e1   Thumb Code   304  stm32f10x_tim.o(i.TIM_DeInit)
    TIM_EncoderInterfaceConfig               0x08002a51   Thumb Code    50  stm32f10x_tim.o(i.TIM_EncoderInterfaceConfig)
    TIM_GetCounter                           0x08002a83   Thumb Code     4  stm32f10x_tim.o(i.TIM_GetCounter)
    TIM_GetITStatus                          0x08002a87   Thumb Code    24  stm32f10x_tim.o(i.TIM_GetITStatus)
    TIM_ICInit                               0x08002aa1   Thumb Code   278  stm32f10x_tim.o(i.TIM_ICInit)
    TIM_ICStructInit                         0x08002bcd   Thumb Code    16  stm32f10x_tim.o(i.TIM_ICStructInit)
    TIM_OC1Init                              0x08002bdd   Thumb Code   106  stm32f10x_tim.o(i.TIM_OC1Init)
    TIM_OC1PreloadConfig                     0x08002c5d   Thumb Code    12  stm32f10x_tim.o(i.TIM_OC1PreloadConfig)
    TIM_OC2Init                              0x08002c69   Thumb Code   120  stm32f10x_tim.o(i.TIM_OC2Init)
    TIM_OC2PreloadConfig                     0x08002ce9   Thumb Code    20  stm32f10x_tim.o(i.TIM_OC2PreloadConfig)
    TIM_SetCompare1                          0x08002cfd   Thumb Code     4  stm32f10x_tim.o(i.TIM_SetCompare1)
    TIM_SetIC1Prescaler                      0x08002d01   Thumb Code    16  stm32f10x_tim.o(i.TIM_SetIC1Prescaler)
    TIM_SetIC2Prescaler                      0x08002d11   Thumb Code    24  stm32f10x_tim.o(i.TIM_SetIC2Prescaler)
    TIM_SetIC3Prescaler                      0x08002d29   Thumb Code    16  stm32f10x_tim.o(i.TIM_SetIC3Prescaler)
    TIM_SetIC4Prescaler                      0x08002d39   Thumb Code    24  stm32f10x_tim.o(i.TIM_SetIC4Prescaler)
    TIM_TimeBaseInit                         0x08002d51   Thumb Code   114  stm32f10x_tim.o(i.TIM_TimeBaseInit)
    TaskLoop_Run                             0x08002e11   Thumb Code    62  taskloop.o(i.TaskLoop_Run)
    UART1SendByte                            0x08002e55   Thumb Code    14  akm_uart_pc.o(i.UART1SendByte)
    UART_ReceDataPack                        0x08002e69   Thumb Code     6  akm_uart_pi.o(i.UART_ReceDataPack)
    USART2_IRQHandler                        0x08002e75   Thumb Code    76  akm_uart_pi.o(i.USART2_IRQHandler)
    USART_ClearFlag                          0x08002ec9   Thumb Code     6  stm32f10x_usart.o(i.USART_ClearFlag)
    USART_Cmd                                0x08002ecf   Thumb Code    20  stm32f10x_usart.o(i.USART_Cmd)
    USART_GetITStatus                        0x08002f51   Thumb Code    62  stm32f10x_usart.o(i.USART_GetITStatus)
    USART_ITConfig                           0x08002f8f   Thumb Code    48  stm32f10x_usart.o(i.USART_ITConfig)
    USART_Init                               0x08002fc1   Thumb Code   166  stm32f10x_usart.o(i.USART_Init)
    USART_Receive_Analysis                   0x0800306d   Thumb Code   128  akm_uart_pi.o(i.USART_Receive_Analysis)
    USART_Transmiss_Datagroups               0x080030ed   Thumb Code   196  akm_uart_pi.o(i.USART_Transmiss_Datagroups)
    UsageFault_Handler                       0x080031c9   Thumb Code     2  stm32f10x_it.o(i.UsageFault_Handler)
    Vofa_Init                                0x080031cd   Thumb Code     6  vofaplus.o(i.Vofa_Init)
    Vofa_JustFloatSendDataAll                0x080031d9   Thumb Code    36  vofaplus.o(i.Vofa_JustFloatSendDataAll)
    __0printf$1                              0x0800321d   Thumb Code    22  printf1.o(i.__0printf$1)
    __1printf$1                              0x0800321d   Thumb Code     0  printf1.o(i.__0printf$1)
    __2printf                                0x0800321d   Thumb Code     0  printf1.o(i.__0printf$1)
    __ARM_fpclassify                         0x0800323d   Thumb Code    40  fpclassify.o(i.__ARM_fpclassify)
    __ieee754_rem_pio2                       0x08003265   Thumb Code   828  rred.o(i.__ieee754_rem_pio2)
    __kernel_cos                             0x080035ed   Thumb Code   230  cos_i.o(i.__kernel_cos)
    __kernel_poly                            0x080036e9   Thumb Code   170  poly.o(i.__kernel_poly)
    __kernel_sin                             0x08003795   Thumb Code   224  sin_i.o(i.__kernel_sin)
    __kernel_tan                             0x08003881   Thumb Code   586  tan_i.o(i.__kernel_tan)
    __mathlib_dbl_infnan                     0x08003afd   Thumb Code     6  dunder.o(i.__mathlib_dbl_infnan)
    __mathlib_dbl_infnan2                    0x08003b03   Thumb Code     4  dunder.o(i.__mathlib_dbl_infnan2)
    __mathlib_dbl_invalid                    0x08003b07   Thumb Code    12  dunder.o(i.__mathlib_dbl_invalid)
    __mathlib_dbl_underflow                  0x08003b15   Thumb Code    10  dunder.o(i.__mathlib_dbl_underflow)
    __scatterload_copy                       0x08003b25   Thumb Code    14  handlers.o(i.__scatterload_copy)
    __scatterload_null                       0x08003b33   Thumb Code     2  handlers.o(i.__scatterload_null)
    __scatterload_zeroinit                   0x08003b35   Thumb Code    14  handlers.o(i.__scatterload_zeroinit)
    __set_errno                              0x08003b45   Thumb Code     6  errno.o(i.__set_errno)
    asin                                     0x08003d21   Thumb Code   572  asin.o(i.asin)
    atan                                     0x08003f91   Thumb Code   474  atan.o(i.atan)
    atan2                                    0x080041b1   Thumb Code   374  atan2.o(i.atan2)
    cos                                      0x0800434d   Thumb Code   148  cos.o(i.cos)
    dmp_enable_6x_lp_quat                    0x080043e9   Thumb Code    58  inv_mpu_dmp_motion_driver.o(i.dmp_enable_6x_lp_quat)
    dmp_enable_feature                       0x08004425   Thumb Code   468  inv_mpu_dmp_motion_driver.o(i.dmp_enable_feature)
    dmp_enable_gyro_cal                      0x08004601   Thumb Code    32  inv_mpu_dmp_motion_driver.o(i.dmp_enable_gyro_cal)
    dmp_enable_lp_quat                       0x08004639   Thumb Code    58  inv_mpu_dmp_motion_driver.o(i.dmp_enable_lp_quat)
    dmp_load_motion_driver_firmware          0x08004675   Thumb Code    16  inv_mpu_dmp_motion_driver.o(i.dmp_load_motion_driver_firmware)
    dmp_read_fifo                            0x08004689   Thumb Code   356  inv_mpu_dmp_motion_driver.o(i.dmp_read_fifo)
    dmp_set_accel_bias                       0x080047f1   Thumb Code   210  inv_mpu_dmp_motion_driver.o(i.dmp_set_accel_bias)
    dmp_set_fifo_rate                        0x080048c9   Thumb Code    82  inv_mpu_dmp_motion_driver.o(i.dmp_set_fifo_rate)
    dmp_set_gyro_bias                        0x0800492d   Thumb Code   196  inv_mpu_dmp_motion_driver.o(i.dmp_set_gyro_bias)
    dmp_set_orientation                      0x080049f9   Thumb Code   246  inv_mpu_dmp_motion_driver.o(i.dmp_set_orientation)
    dmp_set_shake_reject_thresh              0x08004b05   Thumb Code    48  inv_mpu_dmp_motion_driver.o(i.dmp_set_shake_reject_thresh)
    dmp_set_shake_reject_time                0x08004b35   Thumb Code    32  inv_mpu_dmp_motion_driver.o(i.dmp_set_shake_reject_time)
    dmp_set_shake_reject_timeout             0x08004b55   Thumb Code    32  inv_mpu_dmp_motion_driver.o(i.dmp_set_shake_reject_timeout)
    dmp_set_tap_axes                         0x08004b75   Thumb Code    64  inv_mpu_dmp_motion_driver.o(i.dmp_set_tap_axes)
    dmp_set_tap_count                        0x08004bb5   Thumb Code    34  inv_mpu_dmp_motion_driver.o(i.dmp_set_tap_count)
    dmp_set_tap_thresh                       0x08004bd9   Thumb Code   274  inv_mpu_dmp_motion_driver.o(i.dmp_set_tap_thresh)
    dmp_set_tap_time                         0x08004d01   Thumb Code    32  inv_mpu_dmp_motion_driver.o(i.dmp_set_tap_time)
    dmp_set_tap_time_multi                   0x08004d21   Thumb Code    32  inv_mpu_dmp_motion_driver.o(i.dmp_set_tap_time_multi)
    fputc                                    0x08004d41   Thumb Code    18  fputc.o(i.fputc)
    main                                     0x08005231   Thumb Code    22  main.o(i.main)
    mpu_configure_fifo                       0x08005249   Thumb Code    84  inv_mpu.o(i.mpu_configure_fifo)
    mpu_get_accel_fsr                        0x080052a1   Thumb Code    54  inv_mpu.o(i.mpu_get_accel_fsr)
    mpu_get_accel_sens                       0x080052dd   Thumb Code    62  inv_mpu.o(i.mpu_get_accel_sens)
    mpu_get_gyro_fsr                         0x08005321   Thumb Code    48  inv_mpu.o(i.mpu_get_gyro_fsr)
    mpu_get_gyro_sens                        0x08005355   Thumb Code    44  inv_mpu.o(i.mpu_get_gyro_sens)
    mpu_get_lpf                              0x08005395   Thumb Code    52  inv_mpu.o(i.mpu_get_lpf)
    mpu_get_sample_rate                      0x080053cd   Thumb Code    22  inv_mpu.o(i.mpu_get_sample_rate)
    mpu_init                                 0x080053e9   Thumb Code   310  inv_mpu.o(i.mpu_init)
    mpu_load_firmware                        0x08005571   Thumb Code   158  inv_mpu.o(i.mpu_load_firmware)
    mpu_lp_accel_mode                        0x08005615   Thumb Code   178  inv_mpu.o(i.mpu_lp_accel_mode)
    mpu_read_fifo_stream                     0x080056cd   Thumb Code   140  inv_mpu.o(i.mpu_read_fifo_stream)
    mpu_read_mem                             0x0800575d   Thumb Code    80  inv_mpu.o(i.mpu_read_mem)
    mpu_reset_fifo                           0x080057b1   Thumb Code   330  inv_mpu.o(i.mpu_reset_fifo)
    mpu_run_self_test                        0x08005901   Thumb Code   234  inv_mpu.o(i.mpu_run_self_test)
    mpu_set_accel_fsr                        0x080059f1   Thumb Code    98  inv_mpu.o(i.mpu_set_accel_fsr)
    mpu_set_bypass                           0x08005a59   Thumb Code   214  inv_mpu.o(i.mpu_set_bypass)
    mpu_set_dmp_state                        0x08005b35   Thumb Code   114  inv_mpu.o(i.mpu_set_dmp_state)
    mpu_set_gyro_fsr                         0x08005bad   Thumb Code   104  inv_mpu.o(i.mpu_set_gyro_fsr)
    mpu_set_int_latched                      0x08005c19   Thumb Code    94  inv_mpu.o(i.mpu_set_int_latched)
    mpu_set_lpf                              0x08005c7d   Thumb Code   102  inv_mpu.o(i.mpu_set_lpf)
    mpu_set_sample_rate                      0x08005ce9   Thumb Code   116  inv_mpu.o(i.mpu_set_sample_rate)
    mpu_set_sensors                          0x08005d61   Thumb Code   178  inv_mpu.o(i.mpu_set_sensors)
    mpu_write_mem                            0x08005e19   Thumb Code    80  inv_mpu.o(i.mpu_write_mem)
    myget_ms                                 0x08005e6d   Thumb Code     2  inv_mpu.o(i.myget_ms)
    sin                                      0x08005f3d   Thumb Code   150  sin.o(i.sin)
    sqrt                                     0x08005fdd   Thumb Code    76  sqrt.o(i.sqrt)
    tan                                      0x08006029   Thumb Code    90  tan.o(i.tan)
    hw                                       0x08006c82   Data          12  inv_mpu.o(.constdata)
    reg                                      0x08006c8e   Data          27  inv_mpu.o(.constdata)
    test                                     0x08006cac   Data          40  inv_mpu.o(.constdata)
    __mathlib_zero                           0x08006df0   Data           8  qnan.o(.constdata)
    Region$$Table$$Base                      0x08006f98   Number         0  anon$$obj.o(Region$$Table)
    Region$$Table$$Limit                     0x08006fb8   Number         0  anon$$obj.o(Region$$Table)
    bat_vol_dat                              0x20000014   Data           2  akm_volt.o(.data)
    servo_bias                               0x2000006c   Data           2  akm_control.o(.data)
    linear_correction_factor                 0x2000007c   Data           4  akm_control.o(.data)
    ticks_per_meter                          0x20000080   Data           4  akm_control.o(.data)
    robot_target_speed                       0x2000008c   Data           6  akm_control.o(.data)
    encoder_delta                            0x200000ac   Data           8  akm_control.o(.data)
    encoder_delta_target                     0x200000b4   Data           8  akm_control.o(.data)
    sensors                                  0x20000108   Data           2  mpu_6050.o(.data)
    q0                                       0x2000010c   Data           4  mpu_6050.o(.data)
    q1                                       0x20000110   Data           4  mpu_6050.o(.data)
    q2                                       0x20000114   Data           4  mpu_6050.o(.data)
    q3                                       0x20000118   Data           4  mpu_6050.o(.data)
    ax_pitch                                 0x2000011c   Data           4  mpu_6050.o(.data)
    ax_roll                                  0x20000120   Data           4  mpu_6050.o(.data)
    ax_yaw                                   0x20000124   Data           4  mpu_6050.o(.data)
    sysTickUpTimes                           0x2000013c   Data           4  taskloop.o(.data)
    __stdout                                 0x20000160   Data           4  stdout.o(.data)
    usart2                                   0x20000191   Data          43  akm_uart_pi.o(.bss)
    robot_odom                               0x200001e8   Data          12  akm_control.o(.bss)
    mpu_data                                 0x20000204   Data          20  mpu_6050.o(.bss)
    __initial_sp                             0x20000618   Data           0  startup_stm32f10x_hd.o(STACK)



==============================================================================

Memory Map of the image

  Image Entry point : 0x08000131

  Load Region LR_IROM1 (Base: 0x08000000, Size: 0x00007120, Max: 0x00040000, ABSOLUTE, COMPRESSED[0x00007018])

    Execution Region ER_IROM1 (Exec base: 0x08000000, Load base: 0x08000000, Size: 0x00006fb8, Max: 0x00040000, ABSOLUTE)

    Exec Addr    Load Addr    Size         Type   Attr      Idx    E Section Name        Object

    0x08000000   0x08000000   0x00000130   Data   RO            3    RESET               startup_stm32f10x_hd.o
    0x08000130   0x08000130   0x00000000   Code   RO         4425  * .ARM.Collect$$$$00000000  mc_w.l(entry.o)
    0x08000130   0x08000130   0x00000004   Code   RO         4792    .ARM.Collect$$$$00000001  mc_w.l(entry2.o)
    0x08000134   0x08000134   0x00000004   Code   RO         4795    .ARM.Collect$$$$00000004  mc_w.l(entry5.o)
    0x08000138   0x08000138   0x00000000   Code   RO         4797    .ARM.Collect$$$$00000008  mc_w.l(entry7b.o)
    0x08000138   0x08000138   0x00000000   Code   RO         4799    .ARM.Collect$$$$0000000A  mc_w.l(entry8b.o)
    0x08000138   0x08000138   0x00000008   Code   RO         4800    .ARM.Collect$$$$0000000B  mc_w.l(entry9a.o)
    0x08000140   0x08000140   0x00000004   Code   RO         4807    .ARM.Collect$$$$0000000E  mc_w.l(entry12b.o)
    0x08000144   0x08000144   0x00000000   Code   RO         4802    .ARM.Collect$$$$0000000F  mc_w.l(entry10a.o)
    0x08000144   0x08000144   0x00000000   Code   RO         4804    .ARM.Collect$$$$00000011  mc_w.l(entry11a.o)
    0x08000144   0x08000144   0x00000004   Code   RO         4793    .ARM.Collect$$$$00002712  mc_w.l(entry2.o)
    0x08000148   0x08000148   0x00000024   Code   RO            4    .text               startup_stm32f10x_hd.o
    0x0800016c   0x0800016c   0x00000062   Code   RO         4428    .text               mc_w.l(ldiv.o)
    0x080001ce   0x080001ce   0x00000024   Code   RO         4430    .text               mc_w.l(memseta.o)
    0x080001f2   0x080001f2   0x0000001a   Code   RO         4432    .text               mc_w.l(memcmp.o)
    0x0800020c   0x0800020c   0x000000b0   Code   RO         4695    .text               mf_w.l(fadd.o)
    0x080002bc   0x080002bc   0x00000064   Code   RO         4697    .text               mf_w.l(fmul.o)
    0x08000320   0x08000320   0x0000007c   Code   RO         4699    .text               mf_w.l(fdiv.o)
    0x0800039c   0x0800039c   0x00000018   Code   RO         4701    .text               mf_w.l(fscalb.o)
    0x080003b4   0x080003b4   0x0000014e   Code   RO         4703    .text               mf_w.l(dadd.o)
    0x08000502   0x08000502   0x000000e4   Code   RO         4705    .text               mf_w.l(dmul.o)
    0x080005e6   0x080005e6   0x000000de   Code   RO         4707    .text               mf_w.l(ddiv.o)
    0x080006c4   0x080006c4   0x0000002e   Code   RO         4709    .text               mf_w.l(dscalb.o)
    0x080006f2   0x080006f2   0x00000012   Code   RO         4711    .text               mf_w.l(fflti.o)
    0x08000704   0x08000704   0x0000000a   Code   RO         4713    .text               mf_w.l(ffltui.o)
    0x0800070e   0x0800070e   0x00000022   Code   RO         4715    .text               mf_w.l(dflti.o)
    0x08000730   0x08000730   0x00000032   Code   RO         4717    .text               mf_w.l(ffixi.o)
    0x08000762   0x08000762   0x00000028   Code   RO         4719    .text               mf_w.l(ffixui.o)
    0x0800078a   0x0800078a   0x0000003e   Code   RO         4721    .text               mf_w.l(dfixi.o)
    0x080007c8   0x080007c8   0x00000026   Code   RO         4723    .text               mf_w.l(f2d.o)
    0x080007ee   0x080007ee   0x00000002   PAD
    0x080007f0   0x080007f0   0x00000030   Code   RO         4725    .text               mf_w.l(cdcmple.o)
    0x08000820   0x08000820   0x00000030   Code   RO         4727    .text               mf_w.l(cdrcmple.o)
    0x08000850   0x08000850   0x00000038   Code   RO         4729    .text               mf_w.l(d2f.o)
    0x08000888   0x08000888   0x0000002c   Code   RO         4811    .text               mc_w.l(uidiv.o)
    0x080008b4   0x080008b4   0x00000062   Code   RO         4813    .text               mc_w.l(uldiv.o)
    0x08000916   0x08000916   0x0000001e   Code   RO         4815    .text               mc_w.l(llshl.o)
    0x08000934   0x08000934   0x00000020   Code   RO         4817    .text               mc_w.l(llushr.o)
    0x08000954   0x08000954   0x00000024   Code   RO         4819    .text               mc_w.l(llsshr.o)
    0x08000978   0x08000978   0x00000000   Code   RO         4828    .text               mc_w.l(iusefp.o)
    0x08000978   0x08000978   0x0000006e   Code   RO         4829    .text               mf_w.l(fepilogue.o)
    0x080009e6   0x080009e6   0x000000ba   Code   RO         4831    .text               mf_w.l(depilogue.o)
    0x08000aa0   0x08000aa0   0x00000024   Code   RO         4835    .text               mc_w.l(init.o)
    0x08000ac4   0x08000ac4   0x00000000   Code   RO         4837    .text               mc_w.l(semi.o)
    0x08000ac4   0x08000ac4   0x00000000   Code   RO         4838    .text               mc_w.l(iusesemip.o)
    0x08000ac4   0x08000ac4   0x000000a2   Code   RO         4839    .text               mf_w.l(dsqrt.o)
    0x08000b66   0x08000b66   0x0000001a   Code   RO         4841    .text               mf_w.l(dfltui.o)
    0x08000b80   0x08000b80   0x00000056   Code   RO         4851    .text               mc_w.l(__dczerorl2.o)
    0x08000bd6   0x08000bd6   0x00000014   Code   RO          178    i.ADC_Cmd           stm32f10x_adc.o
    0x08000bea   0x08000bea   0x00000002   PAD
    0x08000bec   0x08000bec   0x00000044   Code   RO          180    i.ADC_DeInit        stm32f10x_adc.o
    0x08000c30   0x08000c30   0x0000000e   Code   RO          186    i.ADC_GetCalibrationStatus  stm32f10x_adc.o
    0x08000c3e   0x08000c3e   0x0000000e   Code   RO          192    i.ADC_GetResetCalibrationStatus  stm32f10x_adc.o
    0x08000c4c   0x08000c4c   0x00000048   Code   RO          196    i.ADC_Init          stm32f10x_adc.o
    0x08000c94   0x08000c94   0x00000074   Code   RO          200    i.ADC_RegularChannelConfig  stm32f10x_adc.o
    0x08000d08   0x08000d08   0x0000000a   Code   RO          201    i.ADC_ResetCalibration  stm32f10x_adc.o
    0x08000d12   0x08000d12   0x0000000a   Code   RO          205    i.ADC_StartCalibration  stm32f10x_adc.o
    0x08000d1c   0x08000d1c   0x00000100   Code   RO         3261    i.AKM_ENCODER_Init  akm_encoder.o
    0x08000e1c   0x08000e1c   0x0000000c   Code   RO         3262    i.AKM_ENCODE_A_GetCount  akm_encoder.o
    0x08000e28   0x08000e28   0x0000000c   Code   RO         3263    i.AKM_ENCODE_A_SetCounter  akm_encoder.o
    0x08000e34   0x08000e34   0x0000000c   Code   RO         3264    i.AKM_ENCODE_B_GetCount  akm_encoder.o
    0x08000e40   0x08000e40   0x0000000c   Code   RO         3265    i.AKM_ENCODE_B_SetCounter  akm_encoder.o
    0x08000e4c   0x08000e4c   0x00000298   Code   RO         3392    i.AKM_Kinematics_Forward  akm_control.o
    0x080010e4   0x080010e4   0x00000050   Code   RO         3393    i.AKM_Kinematics_Init  akm_control.o
    0x08001134   0x08001134   0x0000014c   Code   RO         3394    i.AKM_Kinematics_Inverse  akm_control.o
    0x08001280   0x08001280   0x00000044   Code   RO         3177    i.AKM_MOTOR_A_SpeedSet  akm_motor.o
    0x080012c4   0x080012c4   0x00000044   Code   RO         3178    i.AKM_MOTOR_B_SpeedSet  akm_motor.o
    0x08001308   0x08001308   0x000000c8   Code   RO         3179    i.AKM_MOTOR_Init    akm_motor.o
    0x080013d0   0x080013d0   0x0000000e   Code   RO         3395    i.AKM_PIDParams_Init  akm_control.o
    0x080013de   0x080013de   0x00000002   PAD
    0x080013e0   0x080013e0   0x000000ac   Code   RO         3201    i.AKM_ROBOT_BatteryDetect  akm_volt.o
    0x0800148c   0x0800148c   0x000000d4   Code   RO         3396    i.AKM_ROBOT_MoveCtrl  akm_control.o
    0x08001560   0x08001560   0x00000038   Code   RO         3159    i.AKM_SERVO_SetAngle  akm_servo.o
    0x08001598   0x08001598   0x000000c4   Code   RO         3160    i.AKM_Servo_Init    akm_servo.o
    0x0800165c   0x0800165c   0x00000050   Code   RO         3297    i.AKM_TIME_Init     akm_tim.o
    0x080016ac   0x080016ac   0x000000b4   Code   RO         3315    i.AKM_UART_PC_Init  akm_uart_pc.o
    0x08001760   0x08001760   0x000000b0   Code   RO         3341    i.AKM_UART_PI_Init  akm_uart_pi.o
    0x08001810   0x08001810   0x0000006c   Code   RO         3342    i.AKM_UART_PI_SendData  akm_uart_pi.o
    0x0800187c   0x0800187c   0x00000098   Code   RO         3202    i.AKM_Volt_Init     akm_volt.o
    0x08001914   0x08001914   0x00000028   Code   RO         3085    i.AX_JTAG_Set       akm_initial.o
    0x0800193c   0x0800193c   0x00000002   Code   RO         4338    i.BusFault_Handler  stm32f10x_it.o
    0x0800193e   0x0800193e   0x00000002   PAD
    0x08001940   0x08001940   0x00000034   Code   RO         3397    i.Control_PID_Parameters  akm_control.o
    0x08001974   0x08001974   0x0000001c   Code   RO         3398    i.Control_Robot_Parameters  akm_control.o
    0x08001990   0x08001990   0x00000060   Code   RO         3399    i.Control_Speed_Parameters  akm_control.o
    0x080019f0   0x080019f0   0x00000002   Code   RO         4339    i.DebugMon_Handler  stm32f10x_it.o
    0x080019f2   0x080019f2   0x0000009c   Code   RO         1285    i.GPIO_Init         stm32f10x_gpio.o
    0x08001a8e   0x08001a8e   0x00000002   PAD
    0x08001a90   0x08001a90   0x00000058   Code   RO         1287    i.GPIO_PinRemapConfig  stm32f10x_gpio.o
    0x08001ae8   0x08001ae8   0x00000004   Code   RO         1293    i.GPIO_SetBits      stm32f10x_gpio.o
    0x08001aec   0x08001aec   0x00000002   Code   RO         4340    i.HardFault_Handler  stm32f10x_it.o
    0x08001aee   0x08001aee   0x00000002   PAD
    0x08001af0   0x08001af0   0x000001e4   Code   RO         3953    i.MPU6050_DMP_GetData  mpu_6050.o
    0x08001cd4   0x08001cd4   0x000001b0   Code   RO         3954    i.MPU6050_DMP_Init  mpu_6050.o
    0x08001e84   0x08001e84   0x0000006e   Code   RO         3955    i.MPU6050_Init      mpu_6050.o
    0x08001ef2   0x08001ef2   0x00000002   PAD
    0x08001ef4   0x08001ef4   0x00000040   Code   RO         3964    i.MPU_IIC_Ack       mpu_6050.o
    0x08001f34   0x08001f34   0x00000038   Code   RO         3965    i.MPU_IIC_Init      mpu_6050.o
    0x08001f6c   0x08001f6c   0x00000040   Code   RO         3966    i.MPU_IIC_NAck      mpu_6050.o
    0x08001fac   0x08001fac   0x0000006c   Code   RO         3967    i.MPU_IIC_Read_Byte  mpu_6050.o
    0x08002018   0x08002018   0x00000058   Code   RO         3968    i.MPU_IIC_Send_Byte  mpu_6050.o
    0x08002070   0x08002070   0x00000040   Code   RO         3969    i.MPU_IIC_Start     mpu_6050.o
    0x080020b0   0x080020b0   0x00000044   Code   RO         3970    i.MPU_IIC_Stop      mpu_6050.o
    0x080020f4   0x080020f4   0x00000058   Code   RO         3971    i.MPU_IIC_Wait_Ack  mpu_6050.o
    0x0800214c   0x0800214c   0x0000003a   Code   RO         3972    i.MPU_Read_Byte     mpu_6050.o
    0x08002186   0x08002186   0x0000006a   Code   RO         3973    i.MPU_Read_Len      mpu_6050.o
    0x080021f0   0x080021f0   0x0000003c   Code   RO         3976    i.MPU_Write_Byte    mpu_6050.o
    0x0800222c   0x0800222c   0x00000052   Code   RO         3977    i.MPU_Write_Len     mpu_6050.o
    0x0800227e   0x0800227e   0x00000002   Code   RO         4341    i.MemManage_Handler  stm32f10x_it.o
    0x08002280   0x08002280   0x00000002   Code   RO         4342    i.NMI_Handler       stm32f10x_it.o
    0x08002282   0x08002282   0x00000002   PAD
    0x08002284   0x08002284   0x00000064   Code   RO          132    i.NVIC_Init         misc.o
    0x080022e8   0x080022e8   0x00000014   Code   RO          133    i.NVIC_PriorityGroupConfig  misc.o
    0x080022fc   0x080022fc   0x0000009c   Code   RO         3400    i.PID_MotorVelocityCtrlA  akm_control.o
    0x08002398   0x08002398   0x0000009c   Code   RO         3401    i.PID_MotorVelocityCtrlB  akm_control.o
    0x08002434   0x08002434   0x00000014   Code   RO         1699    i.RCC_ADCCLKConfig  stm32f10x_rcc.o
    0x08002448   0x08002448   0x00000018   Code   RO         1701    i.RCC_APB1PeriphClockCmd  stm32f10x_rcc.o
    0x08002460   0x08002460   0x00000018   Code   RO         1702    i.RCC_APB1PeriphResetCmd  stm32f10x_rcc.o
    0x08002478   0x08002478   0x00000018   Code   RO         1703    i.RCC_APB2PeriphClockCmd  stm32f10x_rcc.o
    0x08002490   0x08002490   0x00000018   Code   RO         1704    i.RCC_APB2PeriphResetCmd  stm32f10x_rcc.o
    0x080024a8   0x080024a8   0x00000094   Code   RO         1711    i.RCC_GetClocksFreq  stm32f10x_rcc.o
    0x0800253c   0x0800253c   0x000000a8   Code   RO           10    i.SetSysClockTo72   system_stm32f10x.o
    0x080025e4   0x080025e4   0x00000018   Code   RO          136    i.SysTick_CLKSourceConfig  misc.o
    0x080025fc   0x080025fc   0x0000002e   Code   RO         3086    i.SysTick_Delay_ms  akm_initial.o
    0x0800262a   0x0800262a   0x0000002c   Code   RO         3087    i.SysTick_Delay_us  akm_initial.o
    0x08002656   0x08002656   0x00000002   PAD
    0x08002658   0x08002658   0x00000050   Code   RO           12    i.SystemInit        system_stm32f10x.o
    0x080026a8   0x080026a8   0x000000f0   Code   RO         3088    i.System_init       akm_initial.o
    0x08002798   0x08002798   0x0000006c   Code   RO         2318    i.TI1_Config        stm32f10x_tim.o
    0x08002804   0x08002804   0x0000007c   Code   RO         2319    i.TI2_Config        stm32f10x_tim.o
    0x08002880   0x08002880   0x00000030   Code   RO         3298    i.TIM6_IRQHandler   akm_tim.o
    0x080028b0   0x080028b0   0x00000014   Code   RO         2320    i.TIM_ARRPreloadConfig  stm32f10x_tim.o
    0x080028c4   0x080028c4   0x00000006   Code   RO         2327    i.TIM_ClearITPendingBit  stm32f10x_tim.o
    0x080028ca   0x080028ca   0x00000014   Code   RO         2332    i.TIM_Cmd           stm32f10x_tim.o
    0x080028de   0x080028de   0x00000002   PAD
    0x080028e0   0x080028e0   0x00000170   Code   RO         2337    i.TIM_DeInit        stm32f10x_tim.o
    0x08002a50   0x08002a50   0x00000032   Code   RO         2341    i.TIM_EncoderInterfaceConfig  stm32f10x_tim.o
    0x08002a82   0x08002a82   0x00000004   Code   RO         2351    i.TIM_GetCounter    stm32f10x_tim.o
    0x08002a86   0x08002a86   0x00000018   Code   RO         2353    i.TIM_GetITStatus   stm32f10x_tim.o
    0x08002a9e   0x08002a9e   0x00000002   PAD
    0x08002aa0   0x08002aa0   0x0000012c   Code   RO         2355    i.TIM_ICInit        stm32f10x_tim.o
    0x08002bcc   0x08002bcc   0x00000010   Code   RO         2356    i.TIM_ICStructInit  stm32f10x_tim.o
    0x08002bdc   0x08002bdc   0x00000080   Code   RO         2361    i.TIM_OC1Init       stm32f10x_tim.o
    0x08002c5c   0x08002c5c   0x0000000c   Code   RO         2364    i.TIM_OC1PreloadConfig  stm32f10x_tim.o
    0x08002c68   0x08002c68   0x00000080   Code   RO         2366    i.TIM_OC2Init       stm32f10x_tim.o
    0x08002ce8   0x08002ce8   0x00000014   Code   RO         2369    i.TIM_OC2PreloadConfig  stm32f10x_tim.o
    0x08002cfc   0x08002cfc   0x00000004   Code   RO         2393    i.TIM_SetCompare1   stm32f10x_tim.o
    0x08002d00   0x08002d00   0x00000010   Code   RO         2398    i.TIM_SetIC1Prescaler  stm32f10x_tim.o
    0x08002d10   0x08002d10   0x00000018   Code   RO         2399    i.TIM_SetIC2Prescaler  stm32f10x_tim.o
    0x08002d28   0x08002d28   0x00000010   Code   RO         2400    i.TIM_SetIC3Prescaler  stm32f10x_tim.o
    0x08002d38   0x08002d38   0x00000018   Code   RO         2401    i.TIM_SetIC4Prescaler  stm32f10x_tim.o
    0x08002d50   0x08002d50   0x0000009c   Code   RO         2403    i.TIM_TimeBaseInit  stm32f10x_tim.o
    0x08002dec   0x08002dec   0x00000004   Code   RO         4284    i.TaskDuty_103ms    taskloop.o
    0x08002df0   0x08002df0   0x0000000c   Code   RO         4285    i.TaskDuty_10ms     taskloop.o
    0x08002dfc   0x08002dfc   0x0000000e   Code   RO         4286    i.TaskDuty_20ms     taskloop.o
    0x08002e0a   0x08002e0a   0x00000004   Code   RO         4287    i.TaskDuty_3ms      taskloop.o
    0x08002e0e   0x08002e0e   0x00000002   PAD
    0x08002e10   0x08002e10   0x00000044   Code   RO         4288    i.TaskLoop_Run      taskloop.o
    0x08002e54   0x08002e54   0x00000014   Code   RO         3317    i.UART1SendByte     akm_uart_pc.o
    0x08002e68   0x08002e68   0x0000000c   Code   RO         3343    i.UART_ReceDataPack  akm_uart_pi.o
    0x08002e74   0x08002e74   0x00000054   Code   RO         3344    i.USART2_IRQHandler  akm_uart_pi.o
    0x08002ec8   0x08002ec8   0x00000006   Code   RO         2851    i.USART_ClearFlag   stm32f10x_usart.o
    0x08002ece   0x08002ece   0x00000014   Code   RO         2855    i.USART_Cmd         stm32f10x_usart.o
    0x08002ee2   0x08002ee2   0x00000002   PAD
    0x08002ee4   0x08002ee4   0x0000006c   Code   RO         3345    i.USART_Data_Copy   akm_uart_pi.o
    0x08002f50   0x08002f50   0x0000003e   Code   RO         2859    i.USART_GetITStatus  stm32f10x_usart.o
    0x08002f8e   0x08002f8e   0x00000030   Code   RO         2861    i.USART_ITConfig    stm32f10x_usart.o
    0x08002fbe   0x08002fbe   0x00000002   PAD
    0x08002fc0   0x08002fc0   0x000000ac   Code   RO         2862    i.USART_Init        stm32f10x_usart.o
    0x0800306c   0x0800306c   0x00000080   Code   RO         3346    i.USART_Receive_Analysis  akm_uart_pi.o
    0x080030ec   0x080030ec   0x000000dc   Code   RO         3347    i.USART_Transmiss_Datagroups  akm_uart_pi.o
    0x080031c8   0x080031c8   0x00000002   Code   RO         4343    i.UsageFault_Handler  stm32f10x_it.o
    0x080031ca   0x080031ca   0x00000002   PAD
    0x080031cc   0x080031cc   0x0000000c   Code   RO         4134    i.Vofa_Init         vofaplus.o
    0x080031d8   0x080031d8   0x00000028   Code   RO         4138    i.Vofa_JustFloatSendDataAll  vofaplus.o
    0x08003200   0x08003200   0x0000001c   Code   RO         4140    i.Vofa_UART_SendBytes  vofaplus.o
    0x0800321c   0x0800321c   0x00000020   Code   RO         4479    i.__0printf$1       mc_w.l(printf1.o)
    0x0800323c   0x0800323c   0x00000028   Code   RO         4762    i.__ARM_fpclassify  m_ws.l(fpclassify.o)
    0x08003264   0x08003264   0x00000388   Code   RO         4767    i.__ieee754_rem_pio2  m_ws.l(rred.o)
    0x080035ec   0x080035ec   0x000000fc   Code   RO         4745    i.__kernel_cos      m_ws.l(cos_i.o)
    0x080036e8   0x080036e8   0x000000aa   Code   RO         4764    i.__kernel_poly     m_ws.l(poly.o)
    0x08003792   0x08003792   0x00000002   PAD
    0x08003794   0x08003794   0x000000ec   Code   RO         4772    i.__kernel_sin      m_ws.l(sin_i.o)
    0x08003880   0x08003880   0x0000027c   Code   RO         4786    i.__kernel_tan      m_ws.l(tan_i.o)
    0x08003afc   0x08003afc   0x00000006   Code   RO         4749    i.__mathlib_dbl_infnan  m_ws.l(dunder.o)
    0x08003b02   0x08003b02   0x00000004   Code   RO         4750    i.__mathlib_dbl_infnan2  m_ws.l(dunder.o)
    0x08003b06   0x08003b06   0x0000000c   Code   RO         4751    i.__mathlib_dbl_invalid  m_ws.l(dunder.o)
    0x08003b12   0x08003b12   0x00000002   PAD
    0x08003b14   0x08003b14   0x00000010   Code   RO         4754    i.__mathlib_dbl_underflow  m_ws.l(dunder.o)
    0x08003b24   0x08003b24   0x0000000e   Code   RO         4845    i.__scatterload_copy  mc_w.l(handlers.o)
    0x08003b32   0x08003b32   0x00000002   Code   RO         4846    i.__scatterload_null  mc_w.l(handlers.o)
    0x08003b34   0x08003b34   0x0000000e   Code   RO         4847    i.__scatterload_zeroinit  mc_w.l(handlers.o)
    0x08003b42   0x08003b42   0x00000002   PAD
    0x08003b44   0x08003b44   0x0000000c   Code   RO         4823    i.__set_errno       mc_w.l(errno.o)
    0x08003b50   0x08003b50   0x00000154   Code   RO         4486    i._printf_core      mc_w.l(printf1.o)
    0x08003ca4   0x08003ca4   0x0000007c   Code   RO         3661    i.accel_self_test   inv_mpu.o
    0x08003d20   0x08003d20   0x00000270   Code   RO         4384    i.asin              m_ws.l(asin.o)
    0x08003f90   0x08003f90   0x00000220   Code   RO         4736    i.atan              m_ws.l(atan.o)
    0x080041b0   0x080041b0   0x0000019c   Code   RO         4394    i.atan2             m_ws.l(atan2.o)
    0x0800434c   0x0800434c   0x0000009c   Code   RO         4402    i.cos               m_ws.l(cos.o)
    0x080043e8   0x080043e8   0x0000003a   Code   RO         3472    i.dmp_enable_6x_lp_quat  inv_mpu_dmp_motion_driver.o
    0x08004422   0x08004422   0x00000002   PAD
    0x08004424   0x08004424   0x000001dc   Code   RO         3473    i.dmp_enable_feature  inv_mpu_dmp_motion_driver.o
    0x08004600   0x08004600   0x00000038   Code   RO         3474    i.dmp_enable_gyro_cal  inv_mpu_dmp_motion_driver.o
    0x08004638   0x08004638   0x0000003a   Code   RO         3475    i.dmp_enable_lp_quat  inv_mpu_dmp_motion_driver.o
    0x08004672   0x08004672   0x00000002   PAD
    0x08004674   0x08004674   0x00000014   Code   RO         3480    i.dmp_load_motion_driver_firmware  inv_mpu_dmp_motion_driver.o
    0x08004688   0x08004688   0x00000168   Code   RO         3481    i.dmp_read_fifo     inv_mpu_dmp_motion_driver.o
    0x080047f0   0x080047f0   0x000000d8   Code   RO         3484    i.dmp_set_accel_bias  inv_mpu_dmp_motion_driver.o
    0x080048c8   0x080048c8   0x00000064   Code   RO         3485    i.dmp_set_fifo_rate  inv_mpu_dmp_motion_driver.o
    0x0800492c   0x0800492c   0x000000cc   Code   RO         3486    i.dmp_set_gyro_bias  inv_mpu_dmp_motion_driver.o
    0x080049f8   0x080049f8   0x0000010c   Code   RO         3488    i.dmp_set_orientation  inv_mpu_dmp_motion_driver.o
    0x08004b04   0x08004b04   0x00000030   Code   RO         3491    i.dmp_set_shake_reject_thresh  inv_mpu_dmp_motion_driver.o
    0x08004b34   0x08004b34   0x00000020   Code   RO         3492    i.dmp_set_shake_reject_time  inv_mpu_dmp_motion_driver.o
    0x08004b54   0x08004b54   0x00000020   Code   RO         3493    i.dmp_set_shake_reject_timeout  inv_mpu_dmp_motion_driver.o
    0x08004b74   0x08004b74   0x00000040   Code   RO         3494    i.dmp_set_tap_axes  inv_mpu_dmp_motion_driver.o
    0x08004bb4   0x08004bb4   0x00000022   Code   RO         3495    i.dmp_set_tap_count  inv_mpu_dmp_motion_driver.o
    0x08004bd6   0x08004bd6   0x00000002   PAD
    0x08004bd8   0x08004bd8   0x00000128   Code   RO         3496    i.dmp_set_tap_thresh  inv_mpu_dmp_motion_driver.o
    0x08004d00   0x08004d00   0x00000020   Code   RO         3497    i.dmp_set_tap_time  inv_mpu_dmp_motion_driver.o
    0x08004d20   0x08004d20   0x00000020   Code   RO         3498    i.dmp_set_tap_time_multi  inv_mpu_dmp_motion_driver.o
    0x08004d40   0x08004d40   0x00000012   Code   RO         4808    i.fputc             mc_w.l(fputc.o)
    0x08004d52   0x08004d52   0x00000002   PAD
    0x08004d54   0x08004d54   0x000000a8   Code   RO         3662    i.get_accel_prod_shift  inv_mpu.o
    0x08004dfc   0x08004dfc   0x00000314   Code   RO         3663    i.get_st_biases     inv_mpu.o
    0x08005110   0x08005110   0x000000d8   Code   RO         3664    i.gyro_self_test    inv_mpu.o
    0x080051e8   0x080051e8   0x00000048   Code   RO         3978    i.inv_row_2_scale   mpu_6050.o
    0x08005230   0x08005230   0x00000016   Code   RO         4322    i.main              main.o
    0x08005246   0x08005246   0x00000002   PAD
    0x08005248   0x08005248   0x00000058   Code   RO         3665    i.mpu_configure_fifo  inv_mpu.o
    0x080052a0   0x080052a0   0x0000003c   Code   RO         3666    i.mpu_get_accel_fsr  inv_mpu.o
    0x080052dc   0x080052dc   0x00000044   Code   RO         3668    i.mpu_get_accel_sens  inv_mpu.o
    0x08005320   0x08005320   0x00000034   Code   RO         3674    i.mpu_get_gyro_fsr  inv_mpu.o
    0x08005354   0x08005354   0x00000040   Code   RO         3676    i.mpu_get_gyro_sens  inv_mpu.o
    0x08005394   0x08005394   0x00000038   Code   RO         3678    i.mpu_get_lpf       inv_mpu.o
    0x080053cc   0x080053cc   0x0000001c   Code   RO         3680    i.mpu_get_sample_rate  inv_mpu.o
    0x080053e8   0x080053e8   0x00000188   Code   RO         3682    i.mpu_init          inv_mpu.o
    0x08005570   0x08005570   0x000000a4   Code   RO         3683    i.mpu_load_firmware  inv_mpu.o
    0x08005614   0x08005614   0x000000b8   Code   RO         3684    i.mpu_lp_accel_mode  inv_mpu.o
    0x080056cc   0x080056cc   0x00000090   Code   RO         3687    i.mpu_read_fifo_stream  inv_mpu.o
    0x0800575c   0x0800575c   0x00000054   Code   RO         3688    i.mpu_read_mem      inv_mpu.o
    0x080057b0   0x080057b0   0x00000150   Code   RO         3691    i.mpu_reset_fifo    inv_mpu.o
    0x08005900   0x08005900   0x000000f0   Code   RO         3692    i.mpu_run_self_test  inv_mpu.o
    0x080059f0   0x080059f0   0x00000068   Code   RO         3694    i.mpu_set_accel_fsr  inv_mpu.o
    0x08005a58   0x08005a58   0x000000dc   Code   RO         3695    i.mpu_set_bypass    inv_mpu.o
    0x08005b34   0x08005b34   0x00000078   Code   RO         3697    i.mpu_set_dmp_state  inv_mpu.o
    0x08005bac   0x08005bac   0x0000006c   Code   RO         3698    i.mpu_set_gyro_fsr  inv_mpu.o
    0x08005c18   0x08005c18   0x00000064   Code   RO         3699    i.mpu_set_int_latched  inv_mpu.o
    0x08005c7c   0x08005c7c   0x0000006c   Code   RO         3701    i.mpu_set_lpf       inv_mpu.o
    0x08005ce8   0x08005ce8   0x00000078   Code   RO         3702    i.mpu_set_sample_rate  inv_mpu.o
    0x08005d60   0x08005d60   0x000000b8   Code   RO         3703    i.mpu_set_sensors   inv_mpu.o
    0x08005e18   0x08005e18   0x00000054   Code   RO         3704    i.mpu_write_mem     inv_mpu.o
    0x08005e6c   0x08005e6c   0x00000002   Code   RO         3705    i.myget_ms          inv_mpu.o
    0x08005e6e   0x08005e6e   0x0000007a   Code   RO         3979    i.run_self_test     mpu_6050.o
    0x08005ee8   0x08005ee8   0x00000054   Code   RO         3706    i.set_int_enable    inv_mpu.o
    0x08005f3c   0x08005f3c   0x000000a0   Code   RO         4410    i.sin               m_ws.l(sin.o)
    0x08005fdc   0x08005fdc   0x0000004c   Code   RO         4779    i.sqrt              m_ws.l(sqrt.o)
    0x08006028   0x08006028   0x00000064   Code   RO         4418    i.tan               m_ws.l(tan.o)
    0x0800608c   0x0800608c   0x00000bf6   Data   RO         3500    .constdata          inv_mpu_dmp_motion_driver.o
    0x08006c82   0x08006c82   0x0000000c   Data   RO         3707    .constdata          inv_mpu.o
    0x08006c8e   0x08006c8e   0x0000001b   Data   RO         3708    .constdata          inv_mpu.o
    0x08006ca9   0x08006ca9   0x00000003   PAD
    0x08006cac   0x08006cac   0x00000028   Data   RO         3709    .constdata          inv_mpu.o
    0x08006cd4   0x08006cd4   0x00000004   Data   RO         4141    .constdata          vofaplus.o
    0x08006cd8   0x08006cd8   0x00000050   Data   RO         4385    .constdata          m_ws.l(asin.o)
    0x08006d28   0x08006d28   0x00000098   Data   RO         4737    .constdata          m_ws.l(atan.o)
    0x08006dc0   0x08006dc0   0x00000030   Data   RO         4746    .constdata          m_ws.l(cos_i.o)
    0x08006df0   0x08006df0   0x00000008   Data   RO         4766    .constdata          m_ws.l(qnan.o)
    0x08006df8   0x08006df8   0x000000c8   Data   RO         4769    .constdata          m_ws.l(rred.o)
    0x08006ec0   0x08006ec0   0x00000028   Data   RO         4773    .constdata          m_ws.l(sin_i.o)
    0x08006ee8   0x08006ee8   0x00000060   Data   RO         4787    .constdata          m_ws.l(tan_i.o)
    0x08006f48   0x08006f48   0x0000004e   Data   RO         3710    .conststring        inv_mpu.o
    0x08006f96   0x08006f96   0x00000002   PAD
    0x08006f98   0x08006f98   0x00000020   Data   RO         4843    Region$$Table       anon$$obj.o


    Execution Region RW_IRAM1 (Exec base: 0x20000000, Load base: 0x08006fb8, Size: 0x00000618, Max: 0x0000c000, ABSOLUTE, COMPRESSED[0x00000060])

    Exec Addr    Load Addr    Size         Type   Attr      Idx    E Section Name        Object

    0x20000000   COMPRESSED   0x00000014   Data   RW         1731    .data               stm32f10x_rcc.o
    0x20000014   COMPRESSED   0x00000004   Data   RW         3203    .data               akm_volt.o
    0x20000018   COMPRESSED   0x00000054   Data   RW         3349    .data               akm_uart_pi.o
    0x2000006c   COMPRESSED   0x00000070   Data   RW         3403    .data               akm_control.o
    0x200000dc   COMPRESSED   0x0000002c   Data   RW         3711    .data               inv_mpu.o
    0x20000108   COMPRESSED   0x00000029   Data   RW         3981    .data               mpu_6050.o
    0x20000131   COMPRESSED   0x00000003   PAD
    0x20000134   COMPRESSED   0x00000008   Data   RW         4142    .data               vofaplus.o
    0x2000013c   COMPRESSED   0x00000024   Data   RW         4289    .data               taskloop.o
    0x20000160   COMPRESSED   0x00000004   Data   RW         4810    .data               mc_w.l(stdout.o)
    0x20000164   COMPRESSED   0x00000004   Data   RW         4824    .data               mc_w.l(errno.o)
    0x20000168        -       0x00000054   Zero   RW         3348    .bss                akm_uart_pi.o
    0x200001bc   COMPRESSED   0x00000004   PAD
    0x200001c0        -       0x00000034   Zero   RW         3402    .bss                akm_control.o
    0x200001f4        -       0x00000010   Zero   RW         3499    .bss                inv_mpu_dmp_motion_driver.o
    0x20000204        -       0x00000014   Zero   RW         3980    .bss                mpu_6050.o
    0x20000218        -       0x00000400   Zero   RW            1    STACK               startup_stm32f10x_hd.o


==============================================================================

Image component sizes


      Code (inc. data)   RO Data    RW Data    ZI Data      Debug   Object Name

      1790        212          0        112         52       8995   akm_control.o
       304         46          0          0          0       2555   akm_encoder.o
       370         26          0          0          0       2576   akm_initial.o
       336         48          0          0          0       1831   akm_motor.o
       252         24          0          0          0       1126   akm_servo.o
       128         18          0          0          0        994   akm_tim.o
       200         16          0          0          0       1103   akm_uart_pc.o
       836         66          0         84         84       5292   akm_uart_pi.o
       324         32          0          4          0       2864   akm_volt.o
      4490        274        157         44          0      25346   inv_mpu.o
      2386        116       3062          0         16      19054   inv_mpu_dmp_motion_driver.o
        22          0          0          0          0      15586   main.o
       144         16          0          0          0       2037   misc.o
      2126        316          0         41         20      11137   mpu_6050.o
        36          8        304          0       1024        852   startup_stm32f10x_hd.o
       324         22          0          0          0       6850   stm32f10x_adc.o
       248          6          0          0          0       3325   stm32f10x_gpio.o
        12          0          0          0          0       2337   stm32f10x_it.o
       264         46          0         20          0       6091   stm32f10x_rcc.o
      1568        200          0          0          0      15432   stm32f10x_tim.o
       308          6          0          0          0       5124   stm32f10x_usart.o
       248         24          0          0          0     264929   system_stm32f10x.o
       102         12          0         36          0       3004   taskloop.o
        80         14          4          8          0       2628   vofaplus.o

    ----------------------------------------------------------------------
     16934       1548       3564        352       1200     411068   Object Totals
         0          0         32          0          0          0   (incl. Generated)
        36          0          5          3          4          0   (incl. Padding)

    ----------------------------------------------------------------------

      Code (inc. data)   RO Data    RW Data    ZI Data      Debug   Library Member Name

       624         52         80          0          0        168   asin.o
       544         70        152          0          0        124   atan.o
       412         38          0          0          0        144   atan2.o
       156          8          0          0          0        104   cos.o
       252         22         48          0          0        124   cos_i.o
        38          6          0          0          0        272   dunder.o
        40          0          0          0          0         68   fpclassify.o
       170          0          0          0          0         96   poly.o
         0          0          8          0          0          0   qnan.o
       904         76        200          0          0        140   rred.o
       160         10          0          0          0        108   sin.o
       236         12         40          0          0        128   sin_i.o
        76          0          0          0          0         84   sqrt.o
       100         10          0          0          0         96   tan.o
       636         50         96          0          0        168   tan_i.o
        86          0          0          0          0          0   __dczerorl2.o
         0          0          0          0          0          0   entry.o
         0          0          0          0          0          0   entry10a.o
         0          0          0          0          0          0   entry11a.o
         4          0          0          0          0          0   entry12b.o
         8          4          0          0          0          0   entry2.o
         4          0          0          0          0          0   entry5.o
         0          0          0          0          0          0   entry7b.o
         0          0          0          0          0          0   entry8b.o
         8          4          0          0          0          0   entry9a.o
        12          6          0          4          0         68   errno.o
        18          0          0          0          0         80   fputc.o
        30          0          0          0          0          0   handlers.o
        36          8          0          0          0         68   init.o
         0          0          0          0          0          0   iusefp.o
         0          0          0          0          0          0   iusesemip.o
        98          0          0          0          0         84   ldiv.o
        30          0          0          0          0         68   llshl.o
        36          0          0          0          0         68   llsshr.o
        32          0          0          0          0         68   llushr.o
        26          0          0          0          0         80   memcmp.o
        36          0          0          0          0        108   memseta.o
       372         14          0          0          0        184   printf1.o
         0          0          0          0          0          0   semi.o
         0          0          0          4          0          0   stdout.o
        44          0          0          0          0         80   uidiv.o
        98          0          0          0          0         92   uldiv.o
        48          0          0          0          0         68   cdcmple.o
        48          0          0          0          0         68   cdrcmple.o
        56          0          0          0          0         88   d2f.o
       334          0          0          0          0        148   dadd.o
       222          0          0          0          0        100   ddiv.o
       186          0          0          0          0        176   depilogue.o
        62          0          0          0          0         80   dfixi.o
        34          0          0          0          0         76   dflti.o
        26          0          0          0          0         76   dfltui.o
       228          0          0          0          0         96   dmul.o
        46          0          0          0          0         80   dscalb.o
       162          0          0          0          0        100   dsqrt.o
        38          0          0          0          0         68   f2d.o
       176          0          0          0          0        140   fadd.o
       124          0          0          0          0         88   fdiv.o
       110          0          0          0          0        168   fepilogue.o
        50          0          0          0          0         68   ffixi.o
        40          0          0          0          0         68   ffixui.o
        18          0          0          0          0         68   fflti.o
        10          0          0          0          0         68   ffltui.o
       100          0          0          0          0         76   fmul.o
        24          0          0          0          0         68   fscalb.o

    ----------------------------------------------------------------------
      7478        390        624          8          0       4908   Library Totals
        10          0          0          0          0          0   (incl. Padding)

    ----------------------------------------------------------------------

      Code (inc. data)   RO Data    RW Data    ZI Data      Debug   Library Name

      4348        354        624          0          0       1824   m_ws.l
       978         36          0          8          0       1048   mc_w.l
      2142          0          0          0          0       2036   mf_w.l

    ----------------------------------------------------------------------
      7478        390        624          8          0       4908   Library Totals

    ----------------------------------------------------------------------

==============================================================================


      Code (inc. data)   RO Data    RW Data    ZI Data      Debug   

     24412       1938       4188        360       1200     405236   Grand Totals
     24412       1938       4188         96       1200     405236   ELF Image Totals (compressed)
     24412       1938       4188         96          0          0   ROM Totals

==============================================================================

    Total RO  Size (Code + RO Data)                28600 (  27.93kB)
    Total RW  Size (RW Data + ZI Data)              1560 (   1.52kB)
    Total ROM Size (Code + RO Data + RW Data)      28696 (  28.02kB)

==============================================================================

